Component: ARM Compiler 5.05 update 1 (build 106) Tool: armlink [4d0efa]

==============================================================================

Section Cross References

    startup_stm32f407xx.o(RESET) refers to startup_stm32f407xx.o(STACK) for __initial_sp
    startup_stm32f407xx.o(RESET) refers to startup_stm32f407xx.o(.text) for Reset_Handler
    startup_stm32f407xx.o(RESET) refers to stm32f4xx_it.o(i.NMI_Handler) for NMI_Handler
    startup_stm32f407xx.o(RESET) refers to stm32f4xx_it.o(i.HardFault_Handler) for HardFault_Handler
    startup_stm32f407xx.o(RESET) refers to stm32f4xx_it.o(i.MemManage_Handler) for MemManage_Handler
    startup_stm32f407xx.o(RESET) refers to stm32f4xx_it.o(i.BusFault_Handler) for BusFault_Handler
    startup_stm32f407xx.o(RESET) refers to stm32f4xx_it.o(i.UsageFault_Handler) for UsageFault_Handler
    startup_stm32f407xx.o(RESET) refers to port.o(.emb_text) for SVC_Handler
    startup_stm32f407xx.o(RESET) refers to stm32f4xx_it.o(i.DebugMon_Handler) for DebugMon_Handler
    startup_stm32f407xx.o(RESET) refers to port.o(i.SysTick_Handler) for SysTick_Handler
    startup_stm32f407xx.o(RESET) refers to stm32f4xx_it.o(i.EXTI0_IRQHandler) for EXTI0_IRQHandler
    startup_stm32f407xx.o(RESET) refers to stm32f4xx_it.o(i.EXTI3_IRQHandler) for EXTI3_IRQHandler
    startup_stm32f407xx.o(RESET) refers to stm32f4xx_it.o(i.EXTI4_IRQHandler) for EXTI4_IRQHandler
    startup_stm32f407xx.o(RESET) refers to stm32f4xx_it.o(i.DMA1_Stream1_IRQHandler) for DMA1_Stream1_IRQHandler
    startup_stm32f407xx.o(RESET) refers to stm32f4xx_it.o(i.CAN1_RX0_IRQHandler) for CAN1_RX0_IRQHandler
    startup_stm32f407xx.o(RESET) refers to stm32f4xx_it.o(i.EXTI9_5_IRQHandler) for EXTI9_5_IRQHandler
    startup_stm32f407xx.o(RESET) refers to stm32f4xx_it.o(i.TIM2_IRQHandler) for TIM2_IRQHandler
    startup_stm32f407xx.o(RESET) refers to stm32f4xx_it.o(i.TIM4_IRQHandler) for TIM4_IRQHandler
    startup_stm32f407xx.o(RESET) refers to stm32f4xx_it.o(i.USART1_IRQHandler) for USART1_IRQHandler
    startup_stm32f407xx.o(RESET) refers to stm32f4xx_it.o(i.USART3_IRQHandler) for USART3_IRQHandler
    startup_stm32f407xx.o(RESET) refers to stm32f4xx_it.o(i.DMA2_Stream1_IRQHandler) for DMA2_Stream1_IRQHandler
    startup_stm32f407xx.o(RESET) refers to ins_task.o(i.DMA2_Stream2_IRQHandler) for DMA2_Stream2_IRQHandler
    startup_stm32f407xx.o(RESET) refers to stm32f4xx_it.o(i.DMA2_Stream3_IRQHandler) for DMA2_Stream3_IRQHandler
    startup_stm32f407xx.o(RESET) refers to stm32f4xx_it.o(i.CAN2_RX0_IRQHandler) for CAN2_RX0_IRQHandler
    startup_stm32f407xx.o(RESET) refers to stm32f4xx_it.o(i.DMA2_Stream5_IRQHandler) for DMA2_Stream5_IRQHandler
    startup_stm32f407xx.o(RESET) refers to stm32f4xx_it.o(i.USART6_IRQHandler) for USART6_IRQHandler
    startup_stm32f407xx.o(.text) refers to system_stm32f4xx.o(i.SystemInit) for SystemInit
    startup_stm32f407xx.o(.text) refers to entry.o(.ARM.Collect$$$$00000000) for __main
    main.o(i.SystemClock_Config) refers to memseta.o(.text) for __aeabi_memclr4
    main.o(i.SystemClock_Config) refers to stm32f4xx_hal_rcc.o(i.HAL_RCC_OscConfig) for HAL_RCC_OscConfig
    main.o(i.SystemClock_Config) refers to main.o(i.Error_Handler) for Error_Handler
    main.o(i.SystemClock_Config) refers to stm32f4xx_hal_rcc.o(i.HAL_RCC_ClockConfig) for HAL_RCC_ClockConfig
    main.o(i.main) refers to stm32f4xx_hal.o(i.HAL_Init) for HAL_Init
    main.o(i.main) refers to main.o(i.SystemClock_Config) for SystemClock_Config
    main.o(i.main) refers to port.o(i.vPortEnterCritical) for vPortEnterCritical
    main.o(i.main) refers to gpio.o(i.MX_GPIO_Init) for MX_GPIO_Init
    main.o(i.main) refers to dma.o(i.MX_DMA_Init) for MX_DMA_Init
    main.o(i.main) refers to can.o(i.MX_CAN1_Init) for MX_CAN1_Init
    main.o(i.main) refers to can.o(i.MX_CAN2_Init) for MX_CAN2_Init
    main.o(i.main) refers to i2c.o(i.MX_I2C3_Init) for MX_I2C3_Init
    main.o(i.main) refers to spi.o(i.MX_SPI1_Init) for MX_SPI1_Init
    main.o(i.main) refers to usart.o(i.MX_USART1_UART_Init) for MX_USART1_UART_Init
    main.o(i.main) refers to usart.o(i.MX_USART3_UART_Init) for MX_USART3_UART_Init
    main.o(i.main) refers to usart.o(i.MX_USART6_UART_Init) for MX_USART6_UART_Init
    main.o(i.main) refers to tim.o(i.MX_TIM10_Init) for MX_TIM10_Init
    main.o(i.main) refers to tim.o(i.MX_TIM4_Init) for MX_TIM4_Init
    main.o(i.main) refers to bsp.o(i.BSP_Init) for BSP_Init
    main.o(i.main) refers to freertos.o(i.MX_FREERTOS_Init) for MX_FREERTOS_Init
    main.o(i.main) refers to port.o(i.vPortExitCritical) for vPortExitCritical
    main.o(i.main) refers to cmsis_os.o(i.osKernelStart) for osKernelStart
    gpio.o(i.Close_IT) refers to memseta.o(.text) for __aeabi_memclr4
    gpio.o(i.Close_IT) refers to stm32f4xx_hal_gpio.o(i.HAL_GPIO_Init) for HAL_GPIO_Init
    gpio.o(i.MX_GPIO_Init) refers to memseta.o(.text) for __aeabi_memclr4
[...]
    PendSV_Handler                           0x080001f9   Thumb Code    88  port.o(.emb_text)
    vPortGetIPSR                             0x08000255   Thumb Code     6  port.o(.emb_text)
    Reset_Handler                            0x0800025d   Thumb Code     8  startup_stm32f407xx.o(.text)
    ADC_IRQHandler                           0x08000277   Thumb Code     0  startup_stm32f407xx.o(.text)
    CAN1_RX1_IRQHandler                      0x08000277   Thumb Code     0  startup_stm32f407xx.o(.text)
    CAN1_SCE_IRQHandler                      0x08000277   Thumb Code     0  startup_stm32f407xx.o(.text)
    CAN1_TX_IRQHandler                       0x08000277   Thumb Code     0  startup_stm32f407xx.o(.text)
    CAN2_RX1_IRQHandler                      0x08000277   Thumb Code     0  startup_stm32f407xx.o(.text)
    CAN2_SCE_IRQHandler                      0x08000277   Thumb Code     0  startup_stm32f407xx.o(.text)
    CAN2_TX_IRQHandler                       0x08000277   Thumb Code     0  startup_stm32f407xx.o(.text)
    DCMI_IRQHandler                          0x08000277   Thumb Code     0  startup_stm32f407xx.o(.text)
    DMA1_Stream0_IRQHandler                  0x08000277   Thumb Code     0  startup_stm32f407xx.o(.text)
    DMA1_Stream2_IRQHandler                  0x08000277   Thumb Code     0  startup_stm32f407xx.o(.text)
    DMA1_Stream3_IRQHandler                  0x08000277   Thumb Code     0  startup_stm32f407xx.o(.text)
    DMA1_Stream4_IRQHandler                  0x08000277   Thumb Code     0  startup_stm32f407xx.o(.text)
    DMA1_Stream5_IRQHandler                  0x08000277   Thumb Code     0  startup_stm32f407xx.o(.text)
    DMA1_Stream6_IRQHandler                  0x08000277   Thumb Code     0  startup_stm32f407xx.o(.text)
    DMA1_Stream7_IRQHandler                  0x08000277   Thumb Code     0  startup_stm32f407xx.o(.text)
    DMA2_Stream0_IRQHandler                  0x08000277   Thumb Code     0  startup_stm32f407xx.o(.text)
    DMA2_Stream4_IRQHandler                  0x08000277   Thumb Code     0  startup_stm32f407xx.o(.text)
    DMA2_Stream6_IRQHandler                  0x08000277   Thumb Code     0  startup_stm32f407xx.o(.text)
    DMA2_Stream7_IRQHandler                  0x08000277   Thumb Code     0  startup_stm32f407xx.o(.text)
    ETH_IRQHandler                           0x08000277   Thumb Code     0  startup_stm32f407xx.o(.text)
    ETH_WKUP_IRQHandler                      0x08000277   Thumb Code     0  startup_stm32f407xx.o(.text)
    EXTI15_10_IRQHandler                     0x08000277   Thumb Code     0  startup_stm32f407xx.o(.text)
    EXTI1_IRQHandler                         0x08000277   Thumb Code     0  startup_stm32f407xx.o(.text)
    EXTI2_IRQHandler                         0x08000277   Thumb Code     0  startup_stm32f407xx.o(.text)
    FLASH_IRQHandler                         0x08000277   Thumb Code     0  startup_stm32f407xx.o(.text)
    FMC_IRQHandler                           0x08000277   Thumb Code     0  startup_stm32f407xx.o(.text)
    FPU_IRQHandler                           0x08000277   Thumb Code     0  startup_stm32f407xx.o(.text)
    HASH_RNG_IRQHandler                      0x08000277   Thumb Code     0  startup_stm32f407xx.o(.text)
    I2C1_ER_IRQHandler                       0x08000277   Thumb Code     0  startup_stm32f407xx.o(.text)
    I2C1_EV_IRQHandler                       0x08000277   Thumb Code     0  startup_stm32f407xx.o(.text)
    I2C2_ER_IRQHandler                       0x08000277   Thumb Code     0  startup_stm32f407xx.o(.text)
    I2C2_EV_IRQHandler                       0x08000277   Thumb Code     0  startup_stm32f407xx.o(.text)
    I2C3_ER_IRQHandler                       0x08000277   Thumb Code     0  startup_stm32f407xx.o(.text)
    I2C3_EV_IRQHandler                       0x08000277   Thumb Code     0  startup_stm32f407xx.o(.text)
    OTG_FS_IRQHandler                        0x08000277   Thumb Code     0  startup_stm32f407xx.o(.text)
    OTG_FS_WKUP_IRQHandler                   0x08000277   Thumb Code     0  startup_stm32f407xx.o(.text)
    OTG_HS_EP1_IN_IRQHandler                 0x08000277   Thumb Code     0  startup_stm32f407xx.o(.text)
    OTG_HS_EP1_OUT_IRQHandler                0x08000277   Thumb Code     0  startup_stm32f407xx.o(.text)
    OTG_HS_IRQHandler                        0x08000277   Thumb Code     0  startup_stm32f407xx.o(.text)
    OTG_HS_WKUP_IRQHandler                   0x08000277   Thumb Code     0  startup_stm32f407xx.o(.text)
    PVD_IRQHandler                           0x08000277   Thumb Code     0  startup_stm32f407xx.o(.text)
    RCC_IRQHandler                           0x08000277   Thumb Code     0  startup_stm32f407xx.o(.text)
    RTC_Alarm_IRQHandler                     0x08000277   Thumb Code     0  startup_stm32f407xx.o(.text)
    RTC_WKUP_IRQHandler                      0x08000277   Thumb Code     0  startup_stm32f407xx.o(.text)
    SDIO_IRQHandler                          0x08000277   Thumb Code     0  startup_stm32f407xx.o(.text)
    SPI1_IRQHandler                          0x08000277   Thumb Code     0  startup_stm32f407xx.o(.text)
    SPI2_IRQHandler                          0x08000277   Thumb Code     0  startup_stm32f407xx.o(.text)
    SPI3_IRQHandler                          0x08000277   Thumb Code     0  startup_stm32f407xx.o(.text)
    TAMP_STAMP_IRQHandler                    0x08000277   Thumb Code     0  startup_stm32f407xx.o(.text)
    TIM1_BRK_TIM9_IRQHandler                 0x08000277   Thumb Code     0  startup_stm32f407xx.o(.text)
    TIM1_CC_IRQHandler                       0x08000277   Thumb Code     0  startup_stm32f407xx.o(.text)
    TIM1_TRG_COM_TIM11_IRQHandler            0x08000277   Thumb Code     0  startup_stm32f407xx.o(.text)
    TIM1_UP_TIM10_IRQHandler                 0x08000277   Thumb Code     0  startup_stm32f407xx.o(.text)
    TIM3_IRQHandler                          0x08000277   Thumb Code     0  startup_stm32f407xx.o(.text)
    TIM5_IRQHandler                          0x08000277   Thumb Code     0  startup_stm32f407xx.o(.text)
    TIM6_DAC_IRQHandler                      0x08000277   Thumb Code     0  startup_stm32f407xx.o(.text)
    TIM7_IRQHandler                          0x08000277   Thumb Code     0  startup_stm32f407xx.o(.text)
    TIM8_BRK_TIM12_IRQHandler                0x08000277   Thumb Code     0  startup_stm32f407xx.o(.text)
    TIM8_CC_IRQHandler                       0x08000277   Thumb Code     0  startup_stm32f407xx.o(.text)
    TIM8_TRG_COM_TIM14_IRQHandler            0x08000277   Thumb Code     0  startup_stm32f407xx.o(.text)
    TIM8_UP_TIM13_IRQHandler                 0x08000277   Thumb Code     0  startup_stm32f407xx.o(.text)
    UART4_IRQHandler                         0x08000277   Thumb Code     0  startup_stm32f407xx.o(.text)
    UART5_IRQHandler                         0x08000277   Thumb Code     0  startup_stm32f407xx.o(.text)
    USART2_IRQHandler                        0x08000277   Thumb Code     0  startup_stm32f407xx.o(.text)
    WWDG_IRQHandler                          0x08000277   Thumb Code     0  startup_stm32f407xx.o(.text)
    __aeabi_uldivmod                         0x08000281   Thumb Code    98  uldiv.o(.text)
    __aeabi_memcpy                           0x080002e3   Thumb Code    36  memcpya.o(.text)
    __aeabi_memcpy4                          0x080002e3   Thumb Code     0  memcpya.o(.text)
    __aeabi_memcpy8                          0x080002e3   Thumb Code     0  memcpya.o(.text)
    __aeabi_memset                           0x08000307   Thumb Code    14  memseta.o(.text)
    __aeabi_memset4                          0x08000307   Thumb Code     0  memseta.o(.text)
    __aeabi_memset8                          0x08000307   Thumb Code     0  memseta.o(.text)
    __aeabi_memclr                           0x08000315   Thumb Code     4  memseta.o(.text)
    __aeabi_memclr4                          0x08000315   Thumb Code     0  memseta.o(.text)
    __aeabi_memclr8                          0x08000315   Thumb Code     0  memseta.o(.text)
    memset                                   0x08000319   Thumb Code    18  memseta.o(.text)
    __aeabi_dadd                             0x0800032b   Thumb Code   322  dadd.o(.text)
    __aeabi_dsub                             0x0800046d   Thumb Code     6  dadd.o(.text)
    __aeabi_drsub                            0x08000473   Thumb Code     6  dadd.o(.text)
    __aeabi_ddiv                             0x08000479   Thumb Code   222  ddiv.o(.text)
    __aeabi_ui2d                             0x08000557   Thumb Code    26  dfltui.o(.text)
    __aeabi_f2d                              0x08000571   Thumb Code    38  f2d.o(.text)
    __aeabi_cdcmpeq                          0x08000599   Thumb Code     0  cdcmple.o(.text)
    __aeabi_cdcmple                          0x08000599   Thumb Code    48  cdcmple.o(.text)
    __aeabi_cdrcmple                         0x080005c9   Thumb Code    48  cdrcmple.o(.text)
    __aeabi_d2f                              0x080005f9   Thumb Code    56  d2f.o(.text)
    __aeabi_llsl                             0x08000631   Thumb Code    30  llshl.o(.text)
    _ll_shift_l                              0x08000631   Thumb Code     0  llshl.o(.text)
    __aeabi_llsr                             0x0800064f   Thumb Code    32  llushr.o(.text)
    _ll_ushift_r                             0x0800064f   Thumb Code     0  llushr.o(.text)
    __aeabi_lasr                             0x0800066f   Thumb Code    36  llsshr.o(.text)
    _ll_sshift_r                             0x0800066f   Thumb Code     0  llsshr.o(.text)
    __I$use$fp                               0x08000693   Thumb Code     0  iusefp.o(.text)
    _float_round                             0x08000693   Thumb Code    18  fepilogue.o(.text)
    _float_epilogue                          0x080006a5   Thumb Code    92  fepilogue.o(.text)
    _double_round                            0x08000701   Thumb Code    30  depilogue.o(.text)
    _double_epilogue                         0x0800071f   Thumb Code   156  depilogue.o(.text)
    _dsqrt                                   0x080007bb   Thumb Code   162  dsqrt.o(.text)
    __scatterload                            0x0800085d   Thumb Code    28  init.o(.text)
    __scatterload_rt2                        0x0800085d   Thumb Code     0  init.o(.text)
    __decompress                             0x08000881   Thumb Code     0  __dczerorl2.o(.text)
    __decompress1                            0x08000881   Thumb Code    86  __dczerorl2.o(.text)
    AHRS_init                                0x080008d9   Thumb Code    34  ins_task.o(i.AHRS_init)
    AHRS_update                              0x08000901   Thumb Code    94  ins_task.o(i.AHRS_update)
    BMI088_ACCEL_NS_H                        0x08000965   Thumb Code    14  bmi088middleware.o(i.BMI088_ACCEL_NS_H)
    BMI088_ACCEL_NS_L                        0x08000979   Thumb Code    14  bmi088middleware.o(i.BMI088_ACCEL_NS_L)
    BMI088_GPIO_init                         0x0800098d   Thumb Code     2  bmi088middleware.o(i.BMI088_GPIO_init)
    BMI088_GYRO_NS_H                         0x08000991   Thumb Code    14  bmi088middleware.o(i.BMI088_GYRO_NS_H)
    BMI088_GYRO_NS_L                         0x080009a5   Thumb Code    14  bmi088middleware.o(i.BMI088_GYRO_NS_L)
    BMI088_accel_read_over                   0x080009b9   Thumb Code   134  bmi088driver.o(i.BMI088_accel_read_over)
    BMI088_com_init                          0x08000a49   Thumb Code     2  bmi088middleware.o(i.BMI088_com_init)
    BMI088_delay_ms                          0x08000a4b   Thumb Code    12  bmi088middleware.o(i.BMI088_delay_ms)
    BMI088_delay_us                          0x08000a57   Thumb Code    12  bmi088middleware.o(i.BMI088_delay_us)
    BMI088_gyro_read_over                    0x08000a65   Thumb Code    98  bmi088driver.o(i.BMI088_gyro_read_over)
    BMI088_init                              0x08000acd   Thumb Code    52  bmi088driver.o(i.BMI088_init)
    BMI088_read                              0x08000b01   Thumb Code   372  bmi088driver.o(i.BMI088_read)
    BMI088_read_write_byte                   0x08000cbd   Thumb Code    28  bmi088middleware.o(i.BMI088_read_write_byte)
    BMI088_temperature_read_over             0x08000cdd   Thumb Code    52  bmi088driver.o(i.BMI088_temperature_read_over)
    BSP_CAN_Init                             0x08000d25   Thumb Code    84  bsp_can.o(i.BSP_CAN_Init)
    BSP_Init                                 0x08000d81   Thumb Code    40  bsp.o(i.BSP_Init)
    BSP_temp_Init                            0x08000db1   Thumb Code    18  bsp_imu_pwm.o(i.BSP_temp_Init)
    Bsp_UART_Receive_DMA                     0x08000dc9   Thumb Code   128  bsp_usart.o(i.Bsp_UART_Receive_DMA)
    BusFault_Handler                         0x08000e49   Thumb Code     4  stm32f4xx_it.o(i.BusFault_Handler)
    CAN1_RX0_IRQHandler                      0x08000e4d   Thumb Code    10  stm32f4xx_it.o(i.CAN1_RX0_IRQHandler)
    CAN2_RX0_IRQHandler                      0x08000e5d   Thumb Code    10  stm32f4xx_it.o(i.CAN2_RX0_IRQHandler)
    CAN_GET_Referee                          0x08000e6d   Thumb Code    64  motor_use_can.o(i.CAN_GET_Referee)
    CAN_SHOOT_interrup                       0x08000eb9   Thumb Code    12  motor_use_can.o(i.CAN_SHOOT_interrup)
    CAN_Send_MouseDate                       0x08000ec9   Thumb Code   100  motor_use_can.o(i.CAN_Send_MouseDate)
    CAN_Send_RemoteDate                      0x08000f31   Thumb Code   100  motor_use_can.o(i.CAN_Send_RemoteDate)
    Control_Pc                               0x08000f99   Thumb Code    66  remote_control_task.o(i.Control_Pc)
    DMA1_Stream1_IRQHandler                  0x08000fe9   Thumb Code    10  stm32f4xx_it.o(i.DMA1_Stream1_IRQHandler)
    DMA2_Stream1_IRQHandler                  0x08000ff9   Thumb Code    10  stm32f4xx_it.o(i.DMA2_Stream1_IRQHandler)
    DMA2_Stream2_IRQHandler                  0x08001009   Thumb Code  2160  ins_task.o(i.DMA2_Stream2_IRQHandler)
    DMA2_Stream3_IRQHandler                  0x08001889   Thumb Code    10  stm32f4xx_it.o(i.DMA2_Stream3_IRQHandler)
    DMA2_Stream5_IRQHandler                  0x08001899   Thumb Code    10  stm32f4xx_it.o(i.DMA2_Stream5_IRQHandler)
    DR16_UART_IRQHandler                     0x080019b5   Thumb Code   168  remote_control.o(i.DR16_UART_IRQHandler)
    DebugMon_Handler                         0x08001a75   Thumb Code     2  stm32f4xx_it.o(i.DebugMon_Handler)
    Device_OffLine_Check                     0x08001a79   Thumb Code    92  offline_check.o(i.Device_OffLine_Check)
    EXTI0_IRQHandler                         0x08001ae1   Thumb Code    10  stm32f4xx_it.o(i.EXTI0_IRQHandler)
    EXTI3_IRQHandler                         0x08001aeb   Thumb Code    10  stm32f4xx_it.o(i.EXTI3_IRQHandler)
    EXTI4_IRQHandler                         0x08001af5   Thumb Code    10  stm32f4xx_it.o(i.EXTI4_IRQHandler)
    EXTI9_5_IRQHandler                       0x08001aff   Thumb Code    16  stm32f4xx_it.o(i.EXTI9_5_IRQHandler)
    Error_Handler                            0x08001b0f   Thumb Code     2  main.o(i.Error_Handler)
    Get_Moto_Measure_2006                    0x08001b11   Thumb Code    92  motor_use_can.o(i.Get_Moto_Measure_2006)
    Get_Moto_Measure_3508                    0x08001b6d   Thumb Code    96  motor_use_can.o(i.Get_Moto_Measure_3508)
    Get_Moto_Measure_6020                    0x08001bcd   Thumb Code    96  motor_use_can.o(i.Get_Moto_Measure_6020)
    Get_Moto_Measure_6623                    0x08001c2d   Thumb Code   122  motor_use_can.o(i.Get_Moto_Measure_6623)
    Get_Moto_Offset                          0x08001ca7   Thumb Code    16  motor_use_can.o(i.Get_Moto_Offset)
    Get_System_Timer                         0x08001cb9   Thumb Code    76  offline_check.o(i.Get_System_Timer)
    Gimbal_Control_Task                      0x08001d11   Thumb Code   216  gimbal_control_task.o(i.Gimbal_Control_Task)
    Gimbal_Motor6020                         0x08001e29   Thumb Code    88  motor_use_can.o(i.Gimbal_Motor6020)
    Gimble_PID_Init                          0x08001e85   Thumb Code    76  gimbal_control_task.o(i.Gimble_PID_Init)
    HAL_CAN_ActivateNotification             0x08001eed   Thumb Code    42  stm32f4xx_hal_can.o(i.HAL_CAN_ActivateNotification)
    HAL_CAN_AddTxMessage                     0x08001f17   Thumb Code   342  stm32f4xx_hal_can.o(i.HAL_CAN_AddTxMessage)
    HAL_CAN_ConfigFilter                     0x0800206d   Thumb Code   286  stm32f4xx_hal_can.o(i.HAL_CAN_ConfigFilter)
    HAL_CAN_ErrorCallback                    0x08002191   Thumb Code     2  stm32f4xx_hal_can.o(i.HAL_CAN_ErrorCallback)
    HAL_CAN_GetRxMessage                     0x08002193   Thumb Code   378  stm32f4xx_hal_can.o(i.HAL_CAN_GetRxMessage)
    HAL_CAN_IRQHandler                       0x0800230d   Thumb Code   590  stm32f4xx_hal_can.o(i.HAL_CAN_IRQHandler)
    HAL_CAN_Init                             0x0800255b   Thumb Code   372  stm32f4xx_hal_can.o(i.HAL_CAN_Init)
    HAL_CAN_MspInit                          0x080026d1   Thumb Code   328  can.o(i.HAL_CAN_MspInit)
    HAL_CAN_RxFifo0FullCallback              0x08002831   Thumb Code     2  stm32f4xx_hal_can.o(i.HAL_CAN_RxFifo0FullCallback)
    HAL_CAN_RxFifo0MsgPendingCallback        0x08002835   Thumb Code   466  motor_use_can.o(i.HAL_CAN_RxFifo0MsgPendingCallback)
    HAL_CAN_RxFifo1FullCallback              0x08002a15   Thumb Code     2  stm32f4xx_hal_can.o(i.HAL_CAN_RxFifo1FullCallback)
    HAL_CAN_RxFifo1MsgPendingCallback        0x08002a17   Thumb Code     2  stm32f4xx_hal_can.o(i.HAL_CAN_RxFifo1MsgPendingCallback)
    HAL_CAN_SleepCallback                    0x08002a19   Thumb Code     2  stm32f4xx_hal_can.o(i.HAL_CAN_SleepCallback)
    HAL_CAN_Start                            0x08002a1b   Thumb Code    94  stm32f4xx_hal_can.o(i.HAL_CAN_Start)
    HAL_CAN_TxMailbox0AbortCallback          0x08002a79   Thumb Code     2  stm32f4xx_hal_can.o(i.HAL_CAN_TxMailbox0AbortCallback)
    HAL_CAN_TxMailbox0CompleteCallback       0x08002a7b   Thumb Code     2  stm32f4xx_hal_can.o(i.HAL_CAN_TxMailbox0CompleteCallback)
    HAL_CAN_TxMailbox1AbortCallback          0x08002a7d   Thumb Code     2  stm32f4xx_hal_can.o(i.HAL_CAN_TxMailbox1AbortCallback)
    HAL_CAN_TxMailbox1CompleteCallback       0x08002a7f   Thumb Code     2  stm32f4xx_hal_can.o(i.HAL_CAN_TxMailbox1CompleteCallback)
    HAL_CAN_TxMailbox2AbortCallback          0x08002a81   Thumb Code     2  stm32f4xx_hal_can.o(i.HAL_CAN_TxMailbox2AbortCallback)
    HAL_CAN_TxMailbox2CompleteCallback       0x08002a83   Thumb Code     2  stm32f4xx_hal_can.o(i.HAL_CAN_TxMailbox2CompleteCallback)
    HAL_CAN_WakeUpFromRxMsgCallback          0x08002a85   Thumb Code     2  stm32f4xx_hal_can.o(i.HAL_CAN_WakeUpFromRxMsgCallback)
    HAL_DMA_Abort_IT                         0x08002a87   Thumb Code    40  stm32f4xx_hal_dma.o(i.HAL_DMA_Abort_IT)
    HAL_DMA_IRQHandler                       0x08002ab1   Thumb Code   570  stm32f4xx_hal_dma.o(i.HAL_DMA_IRQHandler)
    HAL_DMA_Init                             0x08002cf1   Thumb Code   232  stm32f4xx_hal_dma.o(i.HAL_DMA_Init)
    HAL_DMA_Start                            0x08002ddd   Thumb Code   102  stm32f4xx_hal_dma.o(i.HAL_DMA_Start)
    HAL_GPIO_EXTI_Callback                   0x08002e45   Thumb Code   238  ins_task.o(i.HAL_GPIO_EXTI_Callback)
    HAL_GPIO_EXTI_IRQHandler                 0x08002f65   Thumb Code    24  stm32f4xx_hal_gpio.o(i.HAL_GPIO_EXTI_IRQHandler)
    HAL_GPIO_Init                            0x08002f81   Thumb Code   466  stm32f4xx_hal_gpio.o(i.HAL_GPIO_Init)
    HAL_GPIO_ReadPin                         0x08003181   Thumb Code    16  stm32f4xx_hal_gpio.o(i.HAL_GPIO_ReadPin)
    HAL_GPIO_TogglePin                       0x08003191   Thumb Code    18  stm32f4xx_hal_gpio.o(i.HAL_GPIO_TogglePin)
    HAL_GPIO_WritePin                        0x080031a3   Thumb Code    12  stm32f4xx_hal_gpio.o(i.HAL_GPIO_WritePin)
    HAL_GetTick                              0x080031b1   Thumb Code     6  stm32f4xx_hal.o(i.HAL_GetTick)
    HAL_I2C_Init                             0x080031bd   Thumb Code   446  stm32f4xx_hal_i2c.o(i.HAL_I2C_Init)
    HAL_I2C_Mem_Read                         0x0800338d   Thumb Code   744  stm32f4xx_hal_i2c.o(i.HAL_I2C_Mem_Read)
    HAL_I2C_Mem_Write                        0x08003681   Thumb Code   348  stm32f4xx_hal_i2c.o(i.HAL_I2C_Mem_Write)
    HAL_I2C_MspInit                          0x080037e5   Thumb Code   182  i2c.o(i.HAL_I2C_MspInit)
    HAL_IncTick                              0x080038ad   Thumb Code    16  stm32f4xx_hal.o(i.HAL_IncTick)
    HAL_Init                                 0x080038c5   Thumb Code    54  stm32f4xx_hal.o(i.HAL_Init)
    HAL_InitTick                             0x08003901   Thumb Code   124  stm32f4xx_hal_timebase_tim.o(i.HAL_InitTick)
    HAL_MspInit                              0x08003989   Thumb Code    78  stm32f4xx_hal_msp.o(i.HAL_MspInit)
    HAL_NVIC_EnableIRQ                       0x080039dd   Thumb Code    32  stm32f4xx_hal_cortex.o(i.HAL_NVIC_EnableIRQ)
    HAL_NVIC_SetPriority                     0x080039fd   Thumb Code   124  stm32f4xx_hal_cortex.o(i.HAL_NVIC_SetPriority)
    HAL_NVIC_SetPriorityGrouping             0x08003a79   Thumb Code    32  stm32f4xx_hal_cortex.o(i.HAL_NVIC_SetPriorityGrouping)
    HAL_RCC_ClockConfig                      0x08003aa1   Thumb Code   368  stm32f4xx_hal_rcc.o(i.HAL_RCC_ClockConfig)
    HAL_RCC_GetClockConfig                   0x08003c25   Thumb Code    58  stm32f4xx_hal_rcc.o(i.HAL_RCC_GetClockConfig)
    HAL_RCC_GetHCLKFreq                      0x08003c69   Thumb Code     6  stm32f4xx_hal_rcc.o(i.HAL_RCC_GetHCLKFreq)
    HAL_RCC_GetPCLK1Freq                     0x08003c75   Thumb Code    22  stm32f4xx_hal_rcc.o(i.HAL_RCC_GetPCLK1Freq)
    HAL_RCC_GetPCLK2Freq                     0x08003c95   Thumb Code    22  stm32f4xx_hal_rcc.o(i.HAL_RCC_GetPCLK2Freq)
    HAL_RCC_GetSysClockFreq                  0x08003cb5   Thumb Code   162  stm32f4xx_hal_rcc.o(i.HAL_RCC_GetSysClockFreq)
    HAL_RCC_OscConfig                        0x08003d65   Thumb Code  1152  stm32f4xx_hal_rcc.o(i.HAL_RCC_OscConfig)
    HAL_SPI_Init                             0x080041ed   Thumb Code   140  stm32f4xx_hal_spi.o(i.HAL_SPI_Init)
    HAL_SPI_MspInit                          0x08004279   Thumb Code   316  spi.o(i.HAL_SPI_MspInit)
    HAL_SPI_TransmitReceive                  0x080043d1   Thumb Code   554  stm32f4xx_hal_spi.o(i.HAL_SPI_TransmitReceive)
    HAL_TIMEx_BreakCallback                  0x080045fb   Thumb Code     2  stm32f4xx_hal_tim_ex.o(i.HAL_TIMEx_BreakCallback)
    HAL_TIMEx_CommutCallback                 0x080045fd   Thumb Code     2  stm32f4xx_hal_tim_ex.o(i.HAL_TIMEx_CommutCallback)
    HAL_TIMEx_MasterConfigSynchronization    0x08004601   Thumb Code   150  stm32f4xx_hal_tim_ex.o(i.HAL_TIMEx_MasterConfigSynchronization)
    HAL_TIM_Base_Init                        0x080046b5   Thumb Code    52  stm32f4xx_hal_tim.o(i.HAL_TIM_Base_Init)
    HAL_TIM_Base_MspInit                     0x080046e9   Thumb Code   108  tim.o(i.HAL_TIM_Base_MspInit)
    HAL_TIM_Base_Start                       0x08004761   Thumb Code    42  stm32f4xx_hal_tim.o(i.HAL_TIM_Base_Start)
    HAL_TIM_Base_Start_IT                    0x0800478b   Thumb Code    42  stm32f4xx_hal_tim.o(i.HAL_TIM_Base_Start_IT)
    HAL_TIM_ConfigClockSource                0x080047b5   Thumb Code   264  stm32f4xx_hal_tim.o(i.HAL_TIM_ConfigClockSource)
    HAL_TIM_IC_CaptureCallback               0x080048bd   Thumb Code     2  stm32f4xx_hal_tim.o(i.HAL_TIM_IC_CaptureCallback)
    HAL_TIM_IRQHandler                       0x080048bf   Thumb Code   406  stm32f4xx_hal_tim.o(i.HAL_TIM_IRQHandler)
    HAL_TIM_MspPostInit                      0x08004a55   Thumb Code    84  tim.o(i.HAL_TIM_MspPostInit)
    HAL_TIM_OC_DelayElapsedCallback          0x08004ab5   Thumb Code     2  stm32f4xx_hal_tim.o(i.HAL_TIM_OC_DelayElapsedCallback)
    HAL_TIM_PWM_ConfigChannel                0x08004ab7   Thumb Code   264  stm32f4xx_hal_tim.o(i.HAL_TIM_PWM_ConfigChannel)
    HAL_TIM_PWM_Init                         0x08004bbf   Thumb Code    52  stm32f4xx_hal_tim.o(i.HAL_TIM_PWM_Init)
    HAL_TIM_PWM_MspInit                      0x08004bf3   Thumb Code     2  stm32f4xx_hal_tim.o(i.HAL_TIM_PWM_MspInit)
    HAL_TIM_PWM_PulseFinishedCallback        0x08004bf5   Thumb Code     2  stm32f4xx_hal_tim.o(i.HAL_TIM_PWM_PulseFinishedCallback)
    HAL_TIM_PWM_Start                        0x08004bf9   Thumb Code    80  stm32f4xx_hal_tim.o(i.HAL_TIM_PWM_Start)
    HAL_TIM_PeriodElapsedCallback            0x08004c51   Thumb Code    30  offline_check.o(i.HAL_TIM_PeriodElapsedCallback)
    HAL_TIM_TriggerCallback                  0x08004c79   Thumb Code     2  stm32f4xx_hal_tim.o(i.HAL_TIM_TriggerCallback)
    HAL_UART_ErrorCallback                   0x08004c7b   Thumb Code     2  stm32f4xx_hal_uart.o(i.HAL_UART_ErrorCallback)
    HAL_UART_IRQHandler                      0x08004c7d   Thumb Code   336  stm32f4xx_hal_uart.o(i.HAL_UART_IRQHandler)
    HAL_UART_Init                            0x08004dd1   Thumb Code   114  stm32f4xx_hal_uart.o(i.HAL_UART_Init)
    HAL_UART_MspInit                         0x08004e45   Thumb Code   648  usart.o(i.HAL_UART_MspInit)
    HAL_UART_RxCpltCallback                  0x08005101   Thumb Code     2  stm32f4xx_hal_uart.o(i.HAL_UART_RxCpltCallback)
    HAL_UART_TxCpltCallback                  0x08005103   Thumb Code     2  stm32f4xx_hal_uart.o(i.HAL_UART_TxCpltCallback)
    HardFault_Handler                        0x08005105   Thumb Code     4  stm32f4xx_it.o(i.HardFault_Handler)
    INS_task                                 0x08005601   Thumb Code   510  ins_task.o(i.INS_task)
    KalmanCreate                             0x08005865   Thumb Code    58  kalman.o(i.KalmanCreate)
    KalmanFilter                             0x080058a5   Thumb Code   134  kalman.o(i.KalmanFilter)
    LPF_1st                                  0x0800592b   Thumb Code    22  user_lib.o(i.LPF_1st)
    MX_CAN1_Init                             0x08005941   Thumb Code    58  can.o(i.MX_CAN1_Init)
    MX_CAN2_Init                             0x08005985   Thumb Code    58  can.o(i.MX_CAN2_Init)
    MX_DMA_Init                              0x080059c9   Thumb Code   146  dma.o(i.MX_DMA_Init)
    MX_FREERTOS_Init                         0x08005a61   Thumb Code   126  freertos.o(i.MX_FREERTOS_Init)
    MX_GPIO_Init                             0x08005af9   Thumb Code   692  gpio.o(i.MX_GPIO_Init)
    MX_I2C3_Init                             0x08005ddd   Thumb Code    48  i2c.o(i.MX_I2C3_Init)
    MX_SPI1_Init                             0x08005e19   Thumb Code    62  spi.o(i.MX_SPI1_Init)
    MX_TIM10_Init                            0x08005e61   Thumb Code   100  tim.o(i.MX_TIM10_Init)
    MX_TIM4_Init                             0x08005ecd   Thumb Code   100  tim.o(i.MX_TIM4_Init)
    MX_USART1_UART_Init                      0x08005f39   Thumb Code    46  usart.o(i.MX_USART1_UART_Init)
    MX_USART3_UART_Init                      0x08005f71   Thumb Code    44  usart.o(i.MX_USART3_UART_Init)
    MX_USART6_UART_Init                      0x08005fa9   Thumb Code    46  usart.o(i.MX_USART6_UART_Init)
    MahonyAHRSupdate                         0x08005fe1   Thumb Code  1418  mahonyahrs.o(i.MahonyAHRSupdate)
    MahonyAHRSupdateIMU                      0x0800658d   Thumb Code   742  mahonyahrs.o(i.MahonyAHRSupdateIMU)
    MemManage_Handler                        0x08006895   Thumb Code     4  stm32f4xx_it.o(i.MemManage_Handler)
    Mouse_Control                            0x08006899   Thumb Code   198  remote_control_task.o(i.Mouse_Control)
    Mouse_control_gimbal                     0x08006971   Thumb Code   384  remote_control_task.o(i.Mouse_control_gimbal)
    NMI_Handler                              0x08006b05   Thumb Code     2  stm32f4xx_it.o(i.NMI_Handler)
    OffLine_Check_Task                       0x08006b09   Thumb Code   690  offline_check_task.o(i.OffLine_Check_Task)
    Off_Line_Detect_Init                     0x08006dd1   Thumb Code    30  offline_check.o(i.Off_Line_Detect_Init)
    PID_Calc                                 0x08006df9   Thumb Code   600  pid.o(i.PID_Calc)
    PID_Param_Init                           0x08007059   Thumb Code    78  pid.o(i.PID_Param_Init)
    RC_Data_Error                            0x080070ad   Thumb Code   196  remote_control.o(i.RC_Data_Error)
    RC_Mode_gimbal                           0x08007175   Thumb Code    68  remote_control_task.o(i.RC_Mode_gimbal)
    RC_Mode_gun                              0x080071c1   Thumb Code    64  remote_control_task.o(i.RC_Mode_gun)
    Rc_control_gimbal                        0x080072d1   Thumb Code   298  remote_control_task.o(i.Rc_control_gimbal)
    Refresh_Device_OffLine_Time              0x08007415   Thumb Code    20  offline_check.o(i.Refresh_Device_OffLine_Time)
    Refresh_SysTime                          0x0800742d   Thumb Code    12  offline_check.o(i.Refresh_SysTime)
    Refresh_Task_OffLine_Time                0x0800743d   Thumb Code    20  offline_check.o(i.Refresh_Task_OffLine_Time)
    Remote_Control_USART_Init                0x08007455   Thumb Code    14  remote_control.o(i.Remote_Control_USART_Init)
    Remote_Data_Task                         0x0800746d   Thumb Code   238  remote_control_task.o(i.Remote_Data_Task)
    SPI1_DMA_enable                          0x08007679   Thumb Code 10024  bsp_spi.o(i.SPI1_DMA_enable)
    SPI1_DMA_init                            0x08009db5   Thumb Code   360  bsp_spi.o(i.SPI1_DMA_init)
    StartDefaultTask                         0x0800a049   Thumb Code    10  freertos.o(i.StartDefaultTask)
    SysTick_Handler                          0x0800a055   Thumb Code    46  port.o(i.SysTick_Handler)
    SystemClock_Config                       0x0800a089   Thumb Code   172  main.o(i.SystemClock_Config)
    SystemInit                               0x0800a13d   Thumb Code    24  system_stm32f4xx.o(i.SystemInit)
    TIM2_IRQHandler                          0x0800a159   Thumb Code    10  stm32f4xx_it.o(i.TIM2_IRQHandler)
    TIM4_IRQHandler                          0x0800a169   Thumb Code    10  stm32f4xx_it.o(i.TIM4_IRQHandler)
    TIM_Base_SetConfig                       0x0800a179   Thumb Code   170  stm32f4xx_hal_tim.o(i.TIM_Base_SetConfig)
    TIM_CCxChannelCmd                        0x0800a251   Thumb Code    34  stm32f4xx_hal_tim.o(i.TIM_CCxChannelCmd)
    TIM_ETR_SetConfig                        0x0800a273   Thumb Code    22  stm32f4xx_hal_tim.o(i.TIM_ETR_SetConfig)
    TIM_OC2_SetConfig                        0x0800a30d   Thumb Code   114  stm32f4xx_hal_tim.o(i.TIM_OC2_SetConfig)
    Task_OffLine_Check                       0x0800a4a5   Thumb Code    92  offline_check.o(i.Task_OffLine_Check)
    UART_IT_Init                             0x0800a561   Thumb Code    32  bsp_usart.o(i.UART_IT_Init)
    USART1_IRQHandler                        0x0800aa79   Thumb Code    10  stm32f4xx_it.o(i.USART1_IRQHandler)
    USART3_IRQHandler                        0x0800aa89   Thumb Code    14  stm32f4xx_it.o(i.USART3_IRQHandler)
    USART6_IRQHandler                        0x0800aa9d   Thumb Code    14  stm32f4xx_it.o(i.USART6_IRQHandler)
    UsageFault_Handler                       0x0800aab1   Thumb Code     4  stm32f4xx_it.o(i.UsageFault_Handler)
    VisionDate_Receive_USART_Init            0x0800aab5   Thumb Code    14  vision.o(i.VisionDate_Receive_USART_Init)
    Vision_UART_IRQHandler                   0x0800aacd   Thumb Code   150  vision.o(i.Vision_UART_IRQHandler)
    Wireless_Debug_USART_Init                0x0800ab7d   Thumb Code    18  pid_wireless_debug.o(i.Wireless_Debug_USART_Init)
    __ARM_fpclassifyf                        0x0800ab95   Thumb Code    38  fpclassifyf.o(i.__ARM_fpclassifyf)
    __hardfp_asinf                           0x0800abf5   Thumb Code   258  asinf.o(i.__hardfp_asinf)
    __hardfp_atan2f                          0x0800ad21   Thumb Code   502  atan2f.o(i.__hardfp_atan2f)
    __hardfp_fabs                            0x0800af71   Thumb Code    20  fabs.o(i.__hardfp_fabs)
    __hardfp_sqrt                            0x0800af85   Thumb Code   122  sqrt.o(i.__hardfp_sqrt)
    __mathlib_flt_infnan                     0x0800afff   Thumb Code     6  funder.o(i.__mathlib_flt_infnan)
    __mathlib_flt_infnan2                    0x0800b005   Thumb Code     6  funder.o(i.__mathlib_flt_infnan2)
    __mathlib_flt_invalid                    0x0800b00d   Thumb Code    10  funder.o(i.__mathlib_flt_invalid)
    __mathlib_flt_underflow                  0x0800b01d   Thumb Code    10  funder.o(i.__mathlib_flt_underflow)
    __scatterload_copy                       0x0800b02d   Thumb Code    14  handlers.o(i.__scatterload_copy)
    __scatterload_null                       0x0800b03b   Thumb Code     2  handlers.o(i.__scatterload_null)
    __scatterload_zeroinit                   0x0800b03d   Thumb Code    14  handlers.o(i.__scatterload_zeroinit)
    __set_errno                              0x0800b04d   Thumb Code     6  errno.o(i.__set_errno)
    abs_limit                                0x0800b059   Thumb Code    48  user_lib.o(i.abs_limit)
    bmi088_accel_init                        0x0800b089   Thumb Code   302  bmi088driver.o(i.bmi088_accel_init)
    bmi088_accel_self_test                   0x0800b1bd   Thumb Code   782  bmi088driver.o(i.bmi088_accel_self_test)
    bmi088_gyro_init                         0x0800b4d9   Thumb Code   238  bmi088driver.o(i.bmi088_gyro_init)
    bmi088_gyro_self_test                    0x0800b5cd   Thumb Code   208  bmi088driver.o(i.bmi088_gyro_self_test)
    delay_init                               0x0800b69d   Thumb Code    32  bsp_delay.o(i.delay_init)
    delay_us                                 0x0800b6cd   Thumb Code    76  bsp_delay.o(i.delay_us)
    get_angle                                0x0800b71d   Thumb Code   244  ins_task.o(i.get_angle)
    imu_cmd_spi_dma                          0x0800b815   Thumb Code   312  ins_task.o(i.imu_cmd_spi_dma)
    imu_pwm_set                              0x0800b97d   Thumb Code     8  bsp_imu_pwm.o(i.imu_pwm_set)
    invSqrt                                  0x0800ba31   Thumb Code    56  user_lib.o(i.invSqrt)
    ist8310_GPIO_init                        0x0800ba6d   Thumb Code     2  ist8310driver_middleware.o(i.ist8310_GPIO_init)
    ist8310_IIC_read_muli_reg                0x0800ba71   Thumb Code    30  ist8310driver_middleware.o(i.ist8310_IIC_read_muli_reg)
    ist8310_IIC_read_single_reg              0x0800ba95   Thumb Code    36  ist8310driver_middleware.o(i.ist8310_IIC_read_single_reg)
    ist8310_IIC_write_single_reg             0x0800babd   Thumb Code    34  ist8310driver_middleware.o(i.ist8310_IIC_write_single_reg)
    ist8310_RST_H                            0x0800bae5   Thumb Code    14  ist8310driver_middleware.o(i.ist8310_RST_H)
    ist8310_RST_L                            0x0800baf9   Thumb Code    14  ist8310driver_middleware.o(i.ist8310_RST_L)
    ist8310_com_init                         0x0800bb0d   Thumb Code     2  ist8310driver_middleware.o(i.ist8310_com_init)
    ist8310_delay_ms                         0x0800bb0f   Thumb Code    12  ist8310driver_middleware.o(i.ist8310_delay_ms)
    ist8310_init                             0x0800bb1d   Thumb Code   142  ist8310driver.o(i.ist8310_init)
    ist8310_read_mag                         0x0800bbb1   Thumb Code   136  ist8310driver.o(i.ist8310_read_mag)
    main                                     0x0800bc3d   Thumb Code    76  main.o(i.main)
    osDelay                                  0x0800bc97   Thumb Code    24  cmsis_os.o(i.osDelay)
    osDelayUntil                             0x0800bcaf   Thumb Code    28  cmsis_os.o(i.osDelayUntil)
    osKernelStart                            0x0800bccb   Thumb Code    10  cmsis_os.o(i.osKernelStart)
    osThreadCreate                           0x0800bcd5   Thumb Code    94  cmsis_os.o(i.osThreadCreate)
    pvPortMalloc                             0x0800c1ad   Thumb Code   296  heap_4.o(i.pvPortMalloc)
    pxPortInitialiseStack                    0x0800c2e9   Thumb Code    38  port.o(i.pxPortInitialiseStack)
    sqrtf                                    0x0800c315   Thumb Code    62  sqrtf.o(i.sqrtf)
    ulTaskNotifyTake                         0x0800c355   Thumb Code   108  tasks.o(i.ulTaskNotifyTake)
    uxListRemove                             0x0800c3c9   Thumb Code    40  list.o(i.uxListRemove)
    vApplicationGetIdleTaskMemory            0x0800c3f1   Thumb Code    14  freertos.o(i.vApplicationGetIdleTaskMemory)
    vListInitialise                          0x0800c409   Thumb Code    26  list.o(i.vListInitialise)
    vListInitialiseItem                      0x0800c423   Thumb Code     6  list.o(i.vListInitialiseItem)
    vListInsert                              0x0800c429   Thumb Code    52  list.o(i.vListInsert)
    vListInsertEnd                           0x0800c45d   Thumb Code    24  list.o(i.vListInsertEnd)
    vPortEnterCritical                       0x0800c475   Thumb Code    76  port.o(i.vPortEnterCritical)
    vPortExitCritical                        0x0800c4c9   Thumb Code    56  port.o(i.vPortExitCritical)
    vPortFree                                0x0800c505   Thumb Code   140  heap_4.o(i.vPortFree)
    vPortSetupTimerInterrupt                 0x0800c599   Thumb Code    36  port.o(i.vPortSetupTimerInterrupt)
    vPortValidateInterruptPriority           0x0800c5c1   Thumb Code   106  port.o(i.vPortValidateInterruptPriority)
    vTaskDelay                               0x0800c639   Thumb Code    82  tasks.o(i.vTaskDelay)
    vTaskDelayUntil                          0x0800c695   Thumb Code   200  tasks.o(i.vTaskDelayUntil)
    vTaskNotifyGiveFromISR                   0x0800c769   Thumb Code   216  tasks.o(i.vTaskNotifyGiveFromISR)
    vTaskStartScheduler                      0x0800c859   Thumb Code   146  tasks.o(i.vTaskStartScheduler)
    vTaskSuspendAll                          0x0800c909   Thumb Code    12  tasks.o(i.vTaskSuspendAll)
    vTaskSwitchContext                       0x0800c919   Thumb Code   118  tasks.o(i.vTaskSwitchContext)
    xPortStartScheduler                      0x0800c9a5   Thumb Code   330  port.o(i.xPortStartScheduler)
    xTaskCreate                              0x0800cb0d   Thumb Code   100  tasks.o(i.xTaskCreate)
    xTaskCreateStatic                        0x0800cb71   Thumb Code   184  tasks.o(i.xTaskCreateStatic)
    xTaskGetTickCount                        0x0800cc29   Thumb Code     6  tasks.o(i.xTaskGetTickCount)
    xTaskIncrementTick                       0x0800cc35   Thumb Code   282  tasks.o(i.xTaskIncrementTick)
    xTaskResumeAll                           0x0800cd7d   Thumb Code   224  tasks.o(i.xTaskResumeAll)
    AHBPrescTable                            0x0800cf14   Data          16  system_stm32f4xx.o(.constdata)
    APBPrescTable                            0x0800cf24   Data           8  system_stm32f4xx.o(.constdata)
    Region$$Table$$Base                      0x0800cf9c   Number         0  anon$$obj.o(Region$$Table)
    Region$$Table$$Limit                     0x0800cfbc   Number         0  anon$$obj.o(Region$$Table)
    imuTaskHandle                            0x20000004   Data           4  freertos.o(.data)
    RemoteDataTaskHandle                     0x20000008   Data           4  freertos.o(.data)
    OffLineCheckTaskHandle                   0x2000000c   Data           4  freertos.o(.data)
    GimbalControlTaskHandle                  0x20000010   Data           4  freertos.o(.data)
    VisionDataTaskHandle                     0x20000014   Data           4  freertos.o(.data)
    TriggerDriveTaskHandle                   0x20000018   Data           4  freertos.o(.data)
    FrictionDriveTaskHandle                  0x2000001c   Data           4  freertos.o(.data)
    OscilloscopeTaskHandle                   0x20000020   Data           4  freertos.o(.data)
    defaultTaskHandle                        0x20000024   Data           4  freertos.o(.data)
    uwTick                                   0x20000028   Data           4  stm32f4xx_hal.o(.data)
    uwTickPrio                               0x2000002c   Data           4  stm32f4xx_hal.o(.data)
    uwTickFreq                               0x20000030   Data           1  stm32f4xx_hal.o(.data)
    SystemCoreClock                          0x20000034   Data           4  system_stm32f4xx.o(.data)
    pxCurrentTCB                             0x20000038   Data           4  tasks.o(.data)
    twoKp                                    0x200000a0   Data           4  mahonyahrs.o(.data)
    twoKi                                    0x200000a4   Data           4  mahonyahrs.o(.data)
    integralFBx                              0x200000a8   Data           4  mahonyahrs.o(.data)
    integralFBy                              0x200000ac   Data           4  mahonyahrs.o(.data)
    integralFBz                              0x200000b0   Data           4  mahonyahrs.o(.data)
    bullet_speed                             0x200000b4   Data           2  motor_use_can.o(.data)
    reset                                    0x200000b8   Data           1  bmi088driver.o(.data)
    write                                    0x200000b9   Data           1  bmi088driver.o(.data)
    BMI088_ACCEL_SEN                         0x200000bc   Data           4  bmi088driver.o(.data)
    BMI088_GYRO_SEN                          0x200000c0   Data           4  bmi088driver.o(.data)
    time_flag                                0x200000f0   Data           4  gimbal_control_task.o(.data)
    expect_parameter                         0x200000f4   Data           4  gimbal_control_task.o(.data)
    set_angle                                0x200000f8   Data           4  gimbal_control_task.o(.data)
    set_speed                                0x200000fc   Data           4  gimbal_control_task.o(.data)
    get_speed                                0x20000100   Data           4  gimbal_control_task.o(.data)
    get_pit_angle                            0x20000104   Data           4  gimbal_control_task.o(.data)
    get_pit_speed                            0x20000108   Data           4  gimbal_control_task.o(.data)
    pitch_test_current                       0x2000010c   Data           2  gimbal_control_task.o(.data)
    tly_speed                                0x20000110   Data           4  gimbal_control_task.o(.data)
    encode_speed                             0x20000114   Data           4  gimbal_control_task.o(.data)
    klm_pitch                                0x20000118   Data           4  gimbal_control_task.o(.data)
    angle_get                                0x2000011c   Data           4  gimbal_control_task.o(.data)
    angle_set                                0x20000120   Data           4  gimbal_control_task.o(.data)
    angle_err                                0x20000124   Data           4  gimbal_control_task.o(.data)
    test_mode                                0x20000128   Data           1  gimbal_control_task.o(.data)
    pitch_arrival                            0x20000129   Data           1  gimbal_control_task.o(.data)
    pitch_init_angle                         0x2000012a   Data           2  gimbal_control_task.o(.data)
    plate_angle_error                        0x2000012c   Data           4  shoot_task.o(.data)
    Plate_Init                               0x20000130   Data           8  shoot_task.o(.data)
    Referee                                  0x20000138   Data           8  shoot_task.o(.data)
    plate_current                            0x20000140   Data           4  shoot_task.o(.data)
    trigger_current                          0x20000144   Data           4  shoot_task.o(.data)
    C_Board                                  0x20000149   Data           3  remote_control_task.o(.data)
    shoot_time                               0x2000014c   Data           1  remote_control_task.o(.data)
    gyro_dma_rx_buf                          0x20000150   Data           8  ins_task.o(.data)
    gyro_dma_tx_buf                          0x20000158   Data           8  ins_task.o(.data)
    accel_dma_tx_buf                         0x20000160   Data           9  ins_task.o(.data)
    accel_temp_dma_rx_buf                    0x20000169   Data           4  ins_task.o(.data)
    accel_temp_dma_tx_buf                    0x2000016d   Data           4  ins_task.o(.data)
    gyro_update_flag                         0x20000171   Data           1  ins_task.o(.data)
    accel_update_flag                        0x20000172   Data           1  ins_task.o(.data)
    accel_temp_update_flag                   0x20000173   Data           1  ins_task.o(.data)
    mag_update_flag                          0x20000174   Data           1  ins_task.o(.data)
    imu_start_dma_flag                       0x20000175   Data           1  ins_task.o(.data)
    test_num                                 0x20000177   Data           1  ins_task.o(.data)
    hcan1                                    0x20000184   Data          40  can.o(.bss)
    hcan2                                    0x200001ac   Data          40  can.o(.bss)
    hi2c3                                    0x20000428   Data          84  i2c.o(.bss)
    hspi1                                    0x2000047c   Data          88  spi.o(.bss)
    hdma_spi1_rx                             0x200004d4   Data          96  spi.o(.bss)
    hdma_spi1_tx                             0x20000534   Data          96  spi.o(.bss)
    htim4                                    0x20000594   Data          64  tim.o(.bss)
    htim10                                   0x200005d4   Data          64  tim.o(.bss)
    huart1                                   0x20000614   Data          64  usart.o(.bss)
    huart3                                   0x20000654   Data          64  usart.o(.bss)
    huart6                                   0x20000694   Data          64  usart.o(.bss)
    hdma_usart1_rx                           0x200006d4   Data          96  usart.o(.bss)
    hdma_usart3_rx                           0x20000734   Data          96  usart.o(.bss)
    hdma_usart6_rx                           0x20000794   Data          96  usart.o(.bss)
    htim2                                    0x200007f4   Data          64  stm32f4xx_hal_timebase_tim.o(.bss)
    off_line                                 0x20004524   Data          16  offline_check.o(.bss)
    g_Time_Device_OffLine                    0x20004534   Data          32  offline_check.o(.bss)
    g_Time_Task_OffLine                      0x20004554   Data          32  offline_check.o(.bss)
    PID                                      0x20004574   Data        1092  pid.o(.bss)
    extKalman                                0x200049b8   Data         144  kalman.o(.bss)
    motor_get                                0x20004a48   Data         168  motor_use_can.o(.bss)
    minipc_rx                                0x20004bc8   Data          12  vision.o(.bss)
    rc_ctrl                                  0x20004be6   Data          20  remote_control.o(.bss)
    plate                                    0x20004c20   Data          16  shoot_task.o(.bss)
    expect                                   0x20004c30   Data          52  remote_control_task.o(.bss)
    accel_dma_rx_buf                         0x20004c64   Data           9  ins_task.o(.bss)
    bmi088_real_data                         0x20004c70   Data          36  ins_task.o(.bss)
    ist8310_real_data                        0x20004c94   Data          16  ins_task.o(.bss)
    ins_yaw                                  0x20004ca4   Data          60  ins_task.o(.bss)
    INS_quat                                 0x20004ce0   Data          16  ins_task.o(.bss)
    INS_angle                                0x20004cf0   Data          12  ins_task.o(.bss)
    __initial_sp                             0x20005100   Data           0  startup_stm32f407xx.o(STACK)



==============================================================================

Memory Map of the image

  Image Entry point : 0x08000189

  Load Region LR_IROM1 (Base: 0x08000000, Size: 0x0000d140, Max: 0x00100000, ABSOLUTE, COMPRESSED[0x0000d00c])

    Execution Region ER_IROM1 (Base: 0x08000000, Size: 0x0000cfbc, Max: 0x00100000, ABSOLUTE)

    Base Addr    Size         Type   Attr      Idx    E Section Name        Object

    0x08000000   0x00000188   Data   RO            3    RESET               startup_stm32f407xx.o
    0x08000188   0x00000000   Code   RO         7382  * .ARM.Collect$$$$00000000  mc_w.l(entry.o)
    0x08000188   0x00000004   Code   RO         7497    .ARM.Collect$$$$00000001  mc_w.l(entry2.o)
    0x0800018c   0x00000004   Code   RO         7500    .ARM.Collect$$$$00000004  mc_w.l(entry5.o)
    0x08000190   0x00000000   Code   RO         7502    .ARM.Collect$$$$00000008  mc_w.l(entry7b.o)
    0x08000190   0x00000000   Code   RO         7504    .ARM.Collect$$$$0000000A  mc_w.l(entry8b.o)
    0x08000190   0x00000008   Code   RO         7505    .ARM.Collect$$$$0000000B  mc_w.l(entry9a.o)
    0x08000198   0x00000000   Code   RO         7507    .ARM.Collect$$$$0000000D  mc_w.l(entry10a.o)
    0x08000198   0x00000000   Code   RO         7509    .ARM.Collect$$$$0000000F  mc_w.l(entry11a.o)
    0x08000198   0x00000004   Code   RO         7498    .ARM.Collect$$$$00002712  mc_w.l(entry2.o)
    0x0800019c   0x000000be   Code   RO         5557    .emb_text           port.o
    0x0800025a   0x00000002   PAD
    0x0800025c   0x00000024   Code   RO            4    .text               startup_stm32f407xx.o
    0x08000280   0x00000062   Code   RO         7385    .text               mc_w.l(uldiv.o)
    0x080002e2   0x00000024   Code   RO         7387    .text               mc_w.l(memcpya.o)
    0x08000306   0x00000024   Code   RO         7391    .text               mc_w.l(memseta.o)
    0x0800032a   0x0000014e   Code   RO         7425    .text               mf_w.l(dadd.o)
    0x08000478   0x000000de   Code   RO         7429    .text               mf_w.l(ddiv.o)
    0x08000556   0x0000001a   Code   RO         7431    .text               mf_w.l(dfltui.o)
    0x08000570   0x00000026   Code   RO         7433    .text               mf_w.l(f2d.o)
    0x08000596   0x00000002   PAD
    0x08000598   0x00000030   Code   RO         7435    .text               mf_w.l(cdcmple.o)
    0x080005c8   0x00000030   Code   RO         7437    .text               mf_w.l(cdrcmple.o)
    0x080005f8   0x00000038   Code   RO         7439    .text               mf_w.l(d2f.o)
    0x08000630   0x0000001e   Code   RO         7511    .text               mc_w.l(llshl.o)
    0x0800064e   0x00000020   Code   RO         7513    .text               mc_w.l(llushr.o)
    0x0800066e   0x00000024   Code   RO         7515    .text               mc_w.l(llsshr.o)
    0x08000692   0x00000000   Code   RO         7526    .text               mc_w.l(iusefp.o)
    0x08000692   0x0000006e   Code   RO         7527    .text               mf_w.l(fepilogue.o)
    0x08000700   0x000000ba   Code   RO         7529    .text               mf_w.l(depilogue.o)
    0x080007ba   0x000000a2   Code   RO         7533    .text               mf_w.l(dsqrt.o)
    0x0800085c   0x00000024   Code   RO         7541    .text               mc_w.l(init.o)
    0x08000880   0x00000056   Code   RO         7555    .text               mc_w.l(__dczerorl2.o)
    0x080008d6   0x00000002   PAD
    0x080008d8   0x00000028   Code   RO         7240    i.AHRS_init         ins_task.o
    0x08000900   0x00000064   Code   RO         7241    i.AHRS_update       ins_task.o
    0x08000964   0x00000014   Code   RO         6541    i.BMI088_ACCEL_NS_H  bmi088middleware.o
    0x08000978   0x00000014   Code   RO         6542    i.BMI088_ACCEL_NS_L  bmi088middleware.o
    0x0800098c   0x00000002   Code   RO         6543    i.BMI088_GPIO_init  bmi088middleware.o
    0x0800098e   0x00000002   PAD
    0x08000990   0x00000014   Code   RO         6544    i.BMI088_GYRO_NS_H  bmi088middleware.o
    0x080009a4   0x00000014   Code   RO         6545    i.BMI088_GYRO_NS_L  bmi088middleware.o
    0x080009b8   0x00000090   Code   RO         6405    i.BMI088_accel_read_over  bmi088driver.o
    0x08000a48   0x00000002   Code   RO         6546    i.BMI088_com_init   bmi088middleware.o
    0x08000a4a   0x0000000c   Code   RO         6547    i.BMI088_delay_ms   bmi088middleware.o
    0x08000a56   0x0000000c   Code   RO         6548    i.BMI088_delay_us   bmi088middleware.o
    0x08000a62   0x00000002   PAD
    0x08000a64   0x00000068   Code   RO         6406    i.BMI088_gyro_read_over  bmi088driver.o
    0x08000acc   0x00000034   Code   RO         6407    i.BMI088_init       bmi088driver.o
    0x08000b00   0x0000017c   Code   RO         6408    i.BMI088_read       bmi088driver.o
    0x08000c7c   0x00000026   Code   RO         6411    i.BMI088_read_muli_reg  bmi088driver.o
    0x08000ca2   0x00000018   Code   RO         6412    i.BMI088_read_single_reg  bmi088driver.o
    0x08000cba   0x00000002   PAD
    0x08000cbc   0x00000020   Code   RO         6549    i.BMI088_read_write_byte  bmi088middleware.o
    0x08000cdc   0x00000034   Code   RO         6413    i.BMI088_temperature_read_over  bmi088driver.o
    0x08000d10   0x00000014   Code   RO         6414    i.BMI088_write_single_reg  bmi088driver.o
    0x08000d24   0x0000005c   Code   RO         5685    i.BSP_CAN_Init      bsp_can.o
    0x08000d80   0x00000030   Code   RO         5637    i.BSP_Init          bsp.o
    0x08000db0   0x00000018   Code   RO         5739    i.BSP_temp_Init     bsp_imu_pwm.o
    0x08000dc8   0x00000080   Code   RO         5709    i.Bsp_UART_Receive_DMA  bsp_usart.o
    0x08000e48   0x00000004   Code   RO          580    i.BusFault_Handler  stm32f4xx_it.o
    0x08000e4c   0x00000010   Code   RO          581    i.CAN1_RX0_IRQHandler  stm32f4xx_it.o
    0x08000e5c   0x00000010   Code   RO          582    i.CAN2_RX0_IRQHandler  stm32f4xx_it.o
    0x08000e6c   0x0000004c   Code   RO         6258    i.CAN_GET_Referee   motor_use_can.o
    0x08000eb8   0x00000010   Code   RO         6260    i.CAN_SHOOT_interrup  motor_use_can.o
    0x08000ec8   0x00000068   Code   RO         6261    i.CAN_Send_MouseDate  motor_use_can.o
    0x08000f30   0x00000068   Code   RO         6263    i.CAN_Send_RemoteDate  motor_use_can.o
    0x08000f98   0x00000050   Code   RO         7169    i.Control_Pc        remote_control_task.o
    0x08000fe8   0x00000010   Code   RO          583    i.DMA1_Stream1_IRQHandler  stm32f4xx_it.o
    0x08000ff8   0x00000010   Code   RO          584    i.DMA2_Stream1_IRQHandler  stm32f4xx_it.o
    0x08001008   0x00000880   Code   RO         7242    i.DMA2_Stream2_IRQHandler  ins_task.o
    0x08001888   0x00000010   Code   RO          585    i.DMA2_Stream3_IRQHandler  stm32f4xx_it.o
    0x08001898   0x00000010   Code   RO          586    i.DMA2_Stream5_IRQHandler  stm32f4xx_it.o
    0x080018a8   0x00000034   Code   RO         1551    i.DMA_CalcBaseAndBitshift  stm32f4xx_hal_dma.o
    0x080018dc   0x000000aa   Code   RO         1552    i.DMA_CheckFifoParam  stm32f4xx_hal_dma.o
    0x08001986   0x0000002c   Code   RO         1553    i.DMA_SetConfig     stm32f4xx_hal_dma.o
    0x080019b2   0x00000002   PAD
    0x080019b4   0x000000c0   Code   RO         6856    i.DR16_UART_IRQHandler  remote_control.o
    0x08001a74   0x00000002   Code   RO          587    i.DebugMon_Handler  stm32f4xx_it.o
    0x08001a76   0x00000002   PAD
    0x08001a78   0x00000068   Code   RO         6120    i.Device_OffLine_Check  offline_check.o
    0x08001ae0   0x0000000a   Code   RO          588    i.EXTI0_IRQHandler  stm32f4xx_it.o
    0x08001aea   0x0000000a   Code   RO          589    i.EXTI3_IRQHandler  stm32f4xx_it.o
    0x08001af4   0x0000000a   Code   RO          590    i.EXTI4_IRQHandler  stm32f4xx_it.o
    0x08001afe   0x00000010   Code   RO          591    i.EXTI9_5_IRQHandler  stm32f4xx_it.o
    0x08001b0e   0x00000002   Code   RO           13    i.Error_Handler     main.o
    0x08001b10   0x0000005c   Code   RO         6264    i.Get_Moto_Measure_2006  motor_use_can.o
    0x08001b6c   0x00000060   Code   RO         6265    i.Get_Moto_Measure_3508  motor_use_can.o
    0x08001bcc   0x00000060   Code   RO         6266    i.Get_Moto_Measure_6020  motor_use_can.o
    0x08001c2c   0x0000007a   Code   RO         6267    i.Get_Moto_Measure_6623  motor_use_can.o
    0x08001ca6   0x00000010   Code   RO         6268    i.Get_Moto_Offset   motor_use_can.o
    0x08001cb6   0x00000002   PAD
    0x08001cb8   0x00000058   Code   RO         6177    i.Get_System_Timer  offline_check.o
    0x08001d10   0x00000118   Code   RO         6966    i.Gimbal_Control_Task  gimbal_control_task.o
    0x08001e28   0x0000005c   Code   RO         6269    i.Gimbal_Motor6020  motor_use_can.o
    0x08001e84   0x00000068   Code   RO         6967    i.Gimble_PID_Init   gimbal_control_task.o
    0x08001eec   0x0000002a   Code   RO          814    i.HAL_CAN_ActivateNotification  stm32f4xx_hal_can.o
    0x08001f16   0x00000156   Code   RO          815    i.HAL_CAN_AddTxMessage  stm32f4xx_hal_can.o
    0x0800206c   0x00000124   Code   RO          816    i.HAL_CAN_ConfigFilter  stm32f4xx_hal_can.o
    0x08002190   0x00000002   Code   RO          819    i.HAL_CAN_ErrorCallback  stm32f4xx_hal_can.o
    0x08002192   0x0000017a   Code   RO          822    i.HAL_CAN_GetRxMessage  stm32f4xx_hal_can.o
    0x0800230c   0x0000024e   Code   RO          826    i.HAL_CAN_IRQHandler  stm32f4xx_hal_can.o
    0x0800255a   0x00000174   Code   RO          827    i.HAL_CAN_Init      stm32f4xx_hal_can.o
    0x080026ce   0x00000002   PAD
    0x080026d0   0x00000160   Code   RO          266    i.HAL_CAN_MspInit   can.o
    0x08002830   0x00000002   Code   RO          834    i.HAL_CAN_RxFifo0FullCallback  stm32f4xx_hal_can.o
    0x08002832   0x00000002   PAD
    0x08002834   0x000001e0   Code   RO         6272    i.HAL_CAN_RxFifo0MsgPendingCallback  motor_use_can.o
    0x08002a14   0x00000002   Code   RO          836    i.HAL_CAN_RxFifo1FullCallback  stm32f4xx_hal_can.o
    0x08002a16   0x00000002   Code   RO          837    i.HAL_CAN_RxFifo1MsgPendingCallback  stm32f4xx_hal_can.o
    0x08002a18   0x00000002   Code   RO          838    i.HAL_CAN_SleepCallback  stm32f4xx_hal_can.o
    0x08002a1a   0x0000005e   Code   RO          839    i.HAL_CAN_Start     stm32f4xx_hal_can.o
    0x08002a78   0x00000002   Code   RO          841    i.HAL_CAN_TxMailbox0AbortCallback  stm32f4xx_hal_can.o
    0x08002a7a   0x00000002   Code   RO          842    i.HAL_CAN_TxMailbox0CompleteCallback  stm32f4xx_hal_can.o
    0x08002a7c   0x00000002   Code   RO          843    i.HAL_CAN_TxMailbox1AbortCallback  stm32f4xx_hal_can.o
    0x08002a7e   0x00000002   Code   RO          844    i.HAL_CAN_TxMailbox1CompleteCallback  stm32f4xx_hal_can.o
    0x08002a80   0x00000002   Code   RO          845    i.HAL_CAN_TxMailbox2AbortCallback  stm32f4xx_hal_can.o
    0x08002a82   0x00000002   Code   RO          846    i.HAL_CAN_TxMailbox2CompleteCallback  stm32f4xx_hal_can.o
    0x08002a84   0x00000002   Code   RO          848    i.HAL_CAN_WakeUpFromRxMsgCallback  stm32f4xx_hal_can.o
    0x08002a86   0x00000028   Code   RO         1555    i.HAL_DMA_Abort_IT  stm32f4xx_hal_dma.o
    0x08002aae   0x00000002   PAD
    0x08002ab0   0x00000240   Code   RO         1559    i.HAL_DMA_IRQHandler  stm32f4xx_hal_dma.o
    0x08002cf0   0x000000ec   Code   RO         1560    i.HAL_DMA_Init      stm32f4xx_hal_dma.o
    0x08002ddc   0x00000066   Code   RO         1563    i.HAL_DMA_Start     stm32f4xx_hal_dma.o
    0x08002e42   0x00000002   PAD
    0x08002e44   0x00000120   Code   RO         7243    i.HAL_GPIO_EXTI_Callback  ins_task.o
    0x08002f64   0x0000001c   Code   RO         1446    i.HAL_GPIO_EXTI_IRQHandler  stm32f4xx_hal_gpio.o
    0x08002f80   0x00000200   Code   RO         1447    i.HAL_GPIO_Init     stm32f4xx_hal_gpio.o
    0x08003180   0x00000010   Code   RO         1449    i.HAL_GPIO_ReadPin  stm32f4xx_hal_gpio.o
    0x08003190   0x00000012   Code   RO         1450    i.HAL_GPIO_TogglePin  stm32f4xx_hal_gpio.o
    0x080031a2   0x0000000c   Code   RO         1451    i.HAL_GPIO_WritePin  stm32f4xx_hal_gpio.o
    0x080031ae   0x00000002   PAD
    0x080031b0   0x0000000c   Code   RO         1984    i.HAL_GetTick       stm32f4xx_hal.o
    0x080031bc   0x000001d0   Code   RO         2240    i.HAL_I2C_Init      stm32f4xx_hal_i2c.o
    0x0800338c   0x000002f4   Code   RO         2258    i.HAL_I2C_Mem_Read  stm32f4xx_hal_i2c.o
    0x08003680   0x00000164   Code   RO         2261    i.HAL_I2C_Mem_Write  stm32f4xx_hal_i2c.o
    0x080037e4   0x000000c8   Code   RO          389    i.HAL_I2C_MspInit   i2c.o
    0x080038ac   0x00000018   Code   RO         1990    i.HAL_IncTick       stm32f4xx_hal.o
    0x080038c4   0x0000003c   Code   RO         1991    i.HAL_Init          stm32f4xx_hal.o
    0x08003900   0x00000088   Code   RO          774    i.HAL_InitTick      stm32f4xx_hal_timebase_tim.o
    0x08003988   0x00000054   Code   RO          750    i.HAL_MspInit       stm32f4xx_hal_msp.o
    0x080039dc   0x00000020   Code   RO         1836    i.HAL_NVIC_EnableIRQ  stm32f4xx_hal_cortex.o
    0x080039fc   0x0000007c   Code   RO         1842    i.HAL_NVIC_SetPriority  stm32f4xx_hal_cortex.o
    0x08003a78   0x00000028   Code   RO         1843    i.HAL_NVIC_SetPriorityGrouping  stm32f4xx_hal_cortex.o
    0x08003aa0   0x00000184   Code   RO         1048    i.HAL_RCC_ClockConfig  stm32f4xx_hal_rcc.o
    0x08003c24   0x00000044   Code   RO         1052    i.HAL_RCC_GetClockConfig  stm32f4xx_hal_rcc.o
    0x08003c68   0x0000000c   Code   RO         1053    i.HAL_RCC_GetHCLKFreq  stm32f4xx_hal_rcc.o
    0x08003c74   0x00000020   Code   RO         1055    i.HAL_RCC_GetPCLK1Freq  stm32f4xx_hal_rcc.o
    0x08003c94   0x00000020   Code   RO         1056    i.HAL_RCC_GetPCLK2Freq  stm32f4xx_hal_rcc.o
    0x08003cb4   0x000000b0   Code   RO         1057    i.HAL_RCC_GetSysClockFreq  stm32f4xx_hal_rcc.o
    0x08003d64   0x00000488   Code   RO         1060    i.HAL_RCC_OscConfig  stm32f4xx_hal_rcc.o
    0x080041ec   0x0000008c   Code   RO         2725    i.HAL_SPI_Init      stm32f4xx_hal_spi.o
    0x08004278   0x00000158   Code   RO          431    i.HAL_SPI_MspInit   spi.o
    0x080043d0   0x0000022a   Code   RO         2734    i.HAL_SPI_TransmitReceive  stm32f4xx_hal_spi.o
    0x080045fa   0x00000002   Code   RO         3724    i.HAL_TIMEx_BreakCallback  stm32f4xx_hal_tim_ex.o
    0x080045fc   0x00000002   Code   RO         3725    i.HAL_TIMEx_CommutCallback  stm32f4xx_hal_tim_ex.o
    0x080045fe   0x00000002   PAD
    0x08004600   0x000000b4   Code   RO         3742    i.HAL_TIMEx_MasterConfigSynchronization  stm32f4xx_hal_tim_ex.o
    0x080046b4   0x00000034   Code   RO         3038    i.HAL_TIM_Base_Init  stm32f4xx_hal_tim.o
    0x080046e8   0x00000078   Code   RO          473    i.HAL_TIM_Base_MspInit  tim.o
    0x08004760   0x0000002a   Code   RO         3041    i.HAL_TIM_Base_Start  stm32f4xx_hal_tim.o
    0x0800478a   0x0000002a   Code   RO         3043    i.HAL_TIM_Base_Start_IT  stm32f4xx_hal_tim.o
    0x080047b4   0x00000108   Code   RO         3047    i.HAL_TIM_ConfigClockSource  stm32f4xx_hal_tim.o
    0x080048bc   0x00000002   Code   RO         3067    i.HAL_TIM_IC_CaptureCallback  stm32f4xx_hal_tim.o
    0x080048be   0x00000196   Code   RO         3081    i.HAL_TIM_IRQHandler  stm32f4xx_hal_tim.o
    0x08004a54   0x00000060   Code   RO          474    i.HAL_TIM_MspPostInit  tim.o
    0x08004ab4   0x00000002   Code   RO         3084    i.HAL_TIM_OC_DelayElapsedCallback  stm32f4xx_hal_tim.o
    0x08004ab6   0x00000108   Code   RO         3105    i.HAL_TIM_PWM_ConfigChannel  stm32f4xx_hal_tim.o
    0x08004bbe   0x00000034   Code   RO         3108    i.HAL_TIM_PWM_Init  stm32f4xx_hal_tim.o
    0x08004bf2   0x00000002   Code   RO         3110    i.HAL_TIM_PWM_MspInit  stm32f4xx_hal_tim.o
    0x08004bf4   0x00000002   Code   RO         3111    i.HAL_TIM_PWM_PulseFinishedCallback  stm32f4xx_hal_tim.o
    0x08004bf6   0x00000002   PAD
    0x08004bf8   0x00000058   Code   RO         3113    i.HAL_TIM_PWM_Start  stm32f4xx_hal_tim.o
    0x08004c50   0x00000028   Code   RO         6121    i.HAL_TIM_PeriodElapsedCallback  offline_check.o
    0x08004c78   0x00000002   Code   RO         3124    i.HAL_TIM_TriggerCallback  stm32f4xx_hal_tim.o
    0x08004c7a   0x00000002   Code   RO         3996    i.HAL_UART_ErrorCallback  stm32f4xx_hal_uart.o
    0x08004c7c   0x00000154   Code   RO         3999    i.HAL_UART_IRQHandler  stm32f4xx_hal_uart.o
    0x08004dd0   0x00000072   Code   RO         4000    i.HAL_UART_Init     stm32f4xx_hal_uart.o
    0x08004e42   0x00000002   PAD
    0x08004e44   0x000002bc   Code   RO          527    i.HAL_UART_MspInit  usart.o
    0x08005100   0x00000002   Code   RO         4006    i.HAL_UART_RxCpltCallback  stm32f4xx_hal_uart.o
    0x08005102   0x00000002   Code   RO         4011    i.HAL_UART_TxCpltCallback  stm32f4xx_hal_uart.o
    0x08005104   0x00000004   Code   RO          592    i.HardFault_Handler  stm32f4xx_it.o
    0x08005108   0x0000003e   Code   RO         2283    i.I2C_IsAcknowledgeFailed  stm32f4xx_hal_i2c.o
    0x08005146   0x00000002   PAD
    0x08005148   0x00000158   Code   RO         2294    i.I2C_RequestMemoryRead  stm32f4xx_hal_i2c.o
    0x080052a0   0x000000dc   Code   RO         2295    i.I2C_RequestMemoryWrite  stm32f4xx_hal_i2c.o
    0x0800537c   0x0000005c   Code   RO         2303    i.I2C_WaitOnBTFFlagUntilTimeout  stm32f4xx_hal_i2c.o
    0x080053d8   0x00000086   Code   RO         2304    i.I2C_WaitOnFlagUntilTimeout  stm32f4xx_hal_i2c.o
    0x0800545e   0x000000c4   Code   RO         2305    i.I2C_WaitOnMasterAddressFlagUntilTimeout  stm32f4xx_hal_i2c.o
    0x08005522   0x00000080   Code   RO         2306    i.I2C_WaitOnRXNEFlagUntilTimeout  stm32f4xx_hal_i2c.o
    0x080055a2   0x0000005c   Code   RO         2308    i.I2C_WaitOnTXEFlagUntilTimeout  stm32f4xx_hal_i2c.o
    0x080055fe   0x00000002   PAD
    0x08005600   0x00000264   Code   RO         7244    i.INS_task          ins_task.o
    0x08005864   0x00000040   Code   RO         6231    i.KalmanCreate      kalman.o
    0x080058a4   0x00000086   Code   RO         6232    i.KalmanFilter      kalman.o
    0x0800592a   0x00000016   Code   RO         5907    i.LPF_1st           user_lib.o
    0x08005940   0x00000044   Code   RO          267    i.MX_CAN1_Init      can.o
    0x08005984   0x00000044   Code   RO          268    i.MX_CAN2_Init      can.o
    0x080059c8   0x00000098   Code   RO          314    i.MX_DMA_Init       dma.o
    0x08005a60   0x00000098   Code   RO          338    i.MX_FREERTOS_Init  freertos.o
    0x08005af8   0x000002e4   Code   RO          230    i.MX_GPIO_Init      gpio.o
    0x08005ddc   0x0000003c   Code   RO          390    i.MX_I2C3_Init      i2c.o
    0x08005e18   0x00000048   Code   RO          432    i.MX_SPI1_Init      spi.o
    0x08005e60   0x0000006c   Code   RO          475    i.MX_TIM10_Init     tim.o
    0x08005ecc   0x0000006c   Code   RO          476    i.MX_TIM4_Init      tim.o
    0x08005f38   0x00000038   Code   RO          528    i.MX_USART1_UART_Init  usart.o
    0x08005f70   0x00000038   Code   RO          529    i.MX_USART3_UART_Init  usart.o
    0x08005fa8   0x00000038   Code   RO          530    i.MX_USART6_UART_Init  usart.o
    0x08005fe0   0x000005ac   Code   RO         6083    i.MahonyAHRSupdate  mahonyahrs.o
    0x0800658c   0x00000308   Code   RO         6084    i.MahonyAHRSupdateIMU  mahonyahrs.o
    0x08006894   0x00000004   Code   RO          593    i.MemManage_Handler  stm32f4xx_it.o
    0x08006898   0x000000d8   Code   RO         7170    i.Mouse_Control     remote_control_task.o
    0x08006970   0x00000194   Code   RO         7171    i.Mouse_control_gimbal  remote_control_task.o
    0x08006b04   0x00000002   Code   RO          594    i.NMI_Handler       stm32f4xx_it.o
    0x08006b06   0x00000002   PAD
    0x08006b08   0x000002c8   Code   RO         7020    i.OffLine_Check_Task  offline_check_task.o
    0x08006dd0   0x00000028   Code   RO         6122    i.Off_Line_Detect_Init  offline_check.o
    0x08006df8   0x00000260   Code   RO         6192    i.PID_Calc          pid.o
    0x08007058   0x00000054   Code   RO         6194    i.PID_Param_Init    pid.o
    0x080070ac   0x000000c8   Code   RO         6857    i.RC_Data_Error     remote_control.o
    0x08007174   0x0000004c   Code   RO         7172    i.RC_Mode_gimbal    remote_control_task.o
    0x080071c0   0x00000048   Code   RO         7173    i.RC_Mode_gun       remote_control_task.o
    0x08007208   0x000000c8   Code   RO         6858    i.RC_Restart        remote_control.o
    0x080072d0   0x00000144   Code   RO         7174    i.Rc_control_gimbal  remote_control_task.o
    0x08007414   0x00000018   Code   RO         6123    i.Refresh_Device_OffLine_Time  offline_check.o
    0x0800742c   0x00000010   Code   RO         6124    i.Refresh_SysTime   offline_check.o
    0x0800743c   0x00000018   Code   RO         6125    i.Refresh_Task_OffLine_Time  offline_check.o
    0x08007454   0x00000018   Code   RO         6859    i.Remote_Control_USART_Init  remote_control.o
    0x0800746c   0x00000100   Code   RO         7175    i.Remote_Data_Task  remote_control_task.o
    0x0800756c   0x000000c4   Code   RO         6860    i.SBUS_To_RC        remote_control.o
    0x08007630   0x00000046   Code   RO         6737    i.SBUS_To_Vision    vision.o
    0x08007676   0x00000002   PAD
    0x08007678   0x0000273c   Code   RO         5770    i.SPI1_DMA_enable   bsp_spi.o
    0x08009db4   0x00000180   Code   RO         5771    i.SPI1_DMA_init     bsp_spi.o
    0x08009f34   0x0000006c   Code   RO         2763    i.SPI_EndRxTxTransaction  stm32f4xx_hal_spi.o
    0x08009fa0   0x000000a8   Code   RO         2768    i.SPI_WaitFlagStateUntilTimeout  stm32f4xx_hal_spi.o
    0x0800a048   0x0000000a   Code   RO          339    i.StartDefaultTask  freertos.o
    0x0800a052   0x00000002   PAD
    0x0800a054   0x00000034   Code   RO         5558    i.SysTick_Handler   port.o
    0x0800a088   0x000000b4   Code   RO           14    i.SystemClock_Config  main.o
    0x0800a13c   0x0000001c   Code   RO         4307    i.SystemInit        system_stm32f4xx.o
    0x0800a158   0x00000010   Code   RO          595    i.TIM2_IRQHandler   stm32f4xx_it.o
    0x0800a168   0x00000010   Code   RO          596    i.TIM4_IRQHandler   stm32f4xx_it.o
    0x0800a178   0x000000d8   Code   RO         3126    i.TIM_Base_SetConfig  stm32f4xx_hal_tim.o
    0x0800a250   0x00000022   Code   RO         3127    i.TIM_CCxChannelCmd  stm32f4xx_hal_tim.o
    0x0800a272   0x00000016   Code   RO         3137    i.TIM_ETR_SetConfig  stm32f4xx_hal_tim.o
    0x0800a288   0x00000012   Code   RO         3138    i.TIM_ITRx_SetConfig  stm32f4xx_hal_tim.o
    0x0800a29a   0x00000002   PAD
    0x0800a29c   0x00000070   Code   RO         3139    i.TIM_OC1_SetConfig  stm32f4xx_hal_tim.o
    0x0800a30c   0x0000007c   Code   RO         3140    i.TIM_OC2_SetConfig  stm32f4xx_hal_tim.o
    0x0800a388   0x00000078   Code   RO         3141    i.TIM_OC3_SetConfig  stm32f4xx_hal_tim.o
    0x0800a400   0x00000054   Code   RO         3142    i.TIM_OC4_SetConfig  stm32f4xx_hal_tim.o
    0x0800a454   0x00000026   Code   RO         3144    i.TIM_TI1_ConfigInputStage  stm32f4xx_hal_tim.o
    0x0800a47a   0x00000028   Code   RO         3146    i.TIM_TI2_ConfigInputStage  stm32f4xx_hal_tim.o
    0x0800a4a2   0x00000002   PAD
    0x0800a4a4   0x00000068   Code   RO         6126    i.Task_OffLine_Check  offline_check.o
    0x0800a50c   0x00000014   Code   RO         4013    i.UART_DMAAbortOnError  stm32f4xx_hal_uart.o
    0x0800a520   0x00000020   Code   RO         4023    i.UART_EndRxTransfer  stm32f4xx_hal_uart.o
    0x0800a540   0x00000020   Code   RO         4024    i.UART_EndTransmit_IT  stm32f4xx_hal_uart.o
    0x0800a560   0x00000020   Code   RO         5710    i.UART_IT_Init      bsp_usart.o
    0x0800a580   0x000000a6   Code   RO         4026    i.UART_Receive_IT   stm32f4xx_hal_uart.o
    0x0800a626   0x00000002   PAD
    0x0800a628   0x000003e8   Code   RO         4027    i.UART_SetConfig    stm32f4xx_hal_uart.o
    0x0800aa10   0x00000068   Code   RO         4028    i.UART_Transmit_IT  stm32f4xx_hal_uart.o
    0x0800aa78   0x00000010   Code   RO          597    i.USART1_IRQHandler  stm32f4xx_it.o
    0x0800aa88   0x00000014   Code   RO          598    i.USART3_IRQHandler  stm32f4xx_it.o
    0x0800aa9c   0x00000014   Code   RO          599    i.USART6_IRQHandler  stm32f4xx_it.o
    0x0800aab0   0x00000004   Code   RO          600    i.UsageFault_Handler  stm32f4xx_it.o
    0x0800aab4   0x00000018   Code   RO         6738    i.VisionDate_Receive_USART_Init  vision.o
    0x0800aacc   0x000000b0   Code   RO         6739    i.Vision_UART_IRQHandler  vision.o
    0x0800ab7c   0x00000018   Code   RO         6918    i.Wireless_Debug_USART_Init  pid_wireless_debug.o
    0x0800ab94   0x00000026   Code   RO         7458    i.__ARM_fpclassifyf  m_wm.l(fpclassifyf.o)
    0x0800abba   0x00000002   PAD
    0x0800abbc   0x00000010   Code   RO         1849    i.__NVIC_GetPriorityGrouping  stm32f4xx_hal_cortex.o
    0x0800abcc   0x00000028   Code   RO         1850    i.__NVIC_SetPriority  stm32f4xx_hal_cortex.o
    0x0800abf4   0x0000012c   Code   RO         7314    i.__hardfp_asinf    m_wm.l(asinf.o)
    0x0800ad20   0x00000250   Code   RO         7326    i.__hardfp_atan2f   m_wm.l(atan2f.o)
    0x0800af70   0x00000014   Code   RO         7338    i.__hardfp_fabs     m_wm.l(fabs.o)
    0x0800af84   0x0000007a   Code   RO         7370    i.__hardfp_sqrt     m_wm.l(sqrt.o)
    0x0800affe   0x00000006   Code   RO         7461    i.__mathlib_flt_infnan  m_wm.l(funder.o)
    0x0800b004   0x00000006   Code   RO         7462    i.__mathlib_flt_infnan2  m_wm.l(funder.o)
    0x0800b00a   0x00000002   PAD
    0x0800b00c   0x00000010   Code   RO         7463    i.__mathlib_flt_invalid  m_wm.l(funder.o)
    0x0800b01c   0x00000010   Code   RO         7466    i.__mathlib_flt_underflow  m_wm.l(funder.o)
    0x0800b02c   0x0000000e   Code   RO         7549    i.__scatterload_copy  mc_w.l(handlers.o)
    0x0800b03a   0x00000002   Code   RO         7550    i.__scatterload_null  mc_w.l(handlers.o)
    0x0800b03c   0x0000000e   Code   RO         7551    i.__scatterload_zeroinit  mc_w.l(handlers.o)
    0x0800b04a   0x00000002   PAD
    0x0800b04c   0x0000000c   Code   RO         7521    i.__set_errno       mc_w.l(errno.o)
    0x0800b058   0x00000030   Code   RO         5914    i.abs_limit         user_lib.o
    0x0800b088   0x00000134   Code   RO         6415    i.bmi088_accel_init  bmi088driver.o
    0x0800b1bc   0x0000031c   Code   RO         6416    i.bmi088_accel_self_test  bmi088driver.o
    0x0800b4d8   0x000000f4   Code   RO         6417    i.bmi088_gyro_init  bmi088driver.o
    0x0800b5cc   0x000000d0   Code   RO         6418    i.bmi088_gyro_self_test  bmi088driver.o
    0x0800b69c   0x00000030   Code   RO         5804    i.delay_init        bsp_delay.o
    0x0800b6cc   0x00000050   Code   RO         5806    i.delay_us          bsp_delay.o
    0x0800b71c   0x000000f8   Code   RO         7245    i.get_angle         ins_task.o
    0x0800b814   0x00000168   Code   RO         7246    i.imu_cmd_spi_dma   ins_task.o
    0x0800b97c   0x0000000c   Code   RO         5740    i.imu_pwm_set       bsp_imu_pwm.o
    0x0800b988   0x000000a8   Code   RO         7247    i.imu_temp_control  ins_task.o
    0x0800ba30   0x0000003c   Code   RO         5921    i.invSqrt           user_lib.o
    0x0800ba6c   0x00000002   Code   RO         6658    i.ist8310_GPIO_init  ist8310driver_middleware.o
    0x0800ba6e   0x00000002   PAD
    0x0800ba70   0x00000024   Code   RO         6659    i.ist8310_IIC_read_muli_reg  ist8310driver_middleware.o
    0x0800ba94   0x00000028   Code   RO         6660    i.ist8310_IIC_read_single_reg  ist8310driver_middleware.o
    0x0800babc   0x00000028   Code   RO         6662    i.ist8310_IIC_write_single_reg  ist8310driver_middleware.o
    0x0800bae4   0x00000014   Code   RO         6663    i.ist8310_RST_H     ist8310driver_middleware.o
    0x0800baf8   0x00000014   Code   RO         6664    i.ist8310_RST_L     ist8310driver_middleware.o
    0x0800bb0c   0x00000002   Code   RO         6665    i.ist8310_com_init  ist8310driver_middleware.o
    0x0800bb0e   0x0000000c   Code   RO         6666    i.ist8310_delay_ms  ist8310driver_middleware.o
    0x0800bb1a   0x00000002   PAD
    0x0800bb1c   0x00000094   Code   RO         6614    i.ist8310_init      ist8310driver.o
    0x0800bbb0   0x0000008c   Code   RO         6615    i.ist8310_read_mag  ist8310driver.o
    0x0800bc3c   0x0000004c   Code   RO           15    i.main              main.o
    0x0800bc88   0x0000000e   Code   RO         5129    i.makeFreeRtosPriority  cmsis_os.o
    0x0800bc96   0x00000018   Code   RO         5131    i.osDelay           cmsis_os.o
    0x0800bcae   0x0000001c   Code   RO         5132    i.osDelayUntil      cmsis_os.o
    0x0800bcca   0x0000000a   Code   RO         5134    i.osKernelStart     cmsis_os.o
    0x0800bcd4   0x0000005e   Code   RO         5168    i.osThreadCreate    cmsis_os.o
    0x0800bd32   0x00000002   PAD
    0x0800bd34   0x00000098   Code   RO         4809    i.prvAddCurrentTaskToDelayedList  tasks.o
    0x0800bdcc   0x000000b4   Code   RO         4810    i.prvAddNewTaskToReadyList  tasks.o
    0x0800be80   0x00000048   Code   RO         4811    i.prvCheckTasksWaitingTermination  tasks.o
    0x0800bec8   0x00000050   Code   RO         4812    i.prvDeleteTCB      tasks.o
    0x0800bf18   0x0000007c   Code   RO         5496    i.prvHeapInit       heap_4.o
    0x0800bf94   0x00000028   Code   RO         4813    i.prvIdleTask       tasks.o
    0x0800bfbc   0x000000aa   Code   RO         4814    i.prvInitialiseNewTask  tasks.o
    0x0800c066   0x00000002   PAD
    0x0800c068   0x00000068   Code   RO         4815    i.prvInitialiseTaskLists  tasks.o
    0x0800c0d0   0x00000068   Code   RO         5497    i.prvInsertBlockIntoFreeList  heap_4.o
    0x0800c138   0x00000034   Code   RO         4816    i.prvResetNextTaskUnblockTime  tasks.o
    0x0800c16c   0x00000040   Code   RO         5559    i.prvTaskExitError  port.o
    0x0800c1ac   0x0000013c   Code   RO         5498    i.pvPortMalloc      heap_4.o
    0x0800c2e8   0x0000002c   Code   RO         5560    i.pxPortInitialiseStack  port.o
    0x0800c314   0x0000003e   Code   RO         7487    i.sqrtf             m_wm.l(sqrtf.o)
    0x0800c352   0x00000002   PAD
    0x0800c354   0x00000074   Code   RO         4819    i.ulTaskNotifyTake  tasks.o
    0x0800c3c8   0x00000028   Code   RO         4444    i.uxListRemove      list.o
    0x0800c3f0   0x00000018   Code   RO          340    i.vApplicationGetIdleTaskMemory  freertos.o
    0x0800c408   0x0000001a   Code   RO         4445    i.vListInitialise   list.o
    0x0800c422   0x00000006   Code   RO         4446    i.vListInitialiseItem  list.o
    0x0800c428   0x00000034   Code   RO         4447    i.vListInsert       list.o
    0x0800c45c   0x00000018   Code   RO         4448    i.vListInsertEnd    list.o
    0x0800c474   0x00000054   Code   RO         5562    i.vPortEnterCritical  port.o
    0x0800c4c8   0x0000003c   Code   RO         5563    i.vPortExitCritical  port.o
    0x0800c504   0x00000094   Code   RO         5499    i.vPortFree         heap_4.o
    0x0800c598   0x00000028   Code   RO         5564    i.vPortSetupTimerInterrupt  port.o
    0x0800c5c0   0x00000078   Code   RO         5565    i.vPortValidateInterruptPriority  port.o
    0x0800c638   0x0000005c   Code   RO         4824    i.vTaskDelay        tasks.o
    0x0800c694   0x000000d4   Code   RO         4825    i.vTaskDelayUntil   tasks.o
    0x0800c768   0x000000f0   Code   RO         4830    i.vTaskNotifyGiveFromISR  tasks.o
    0x0800c858   0x000000b0   Code   RO         4838    i.vTaskStartScheduler  tasks.o
    0x0800c908   0x00000010   Code   RO         4840    i.vTaskSuspendAll   tasks.o
    0x0800c918   0x0000008c   Code   RO         4841    i.vTaskSwitchContext  tasks.o
    0x0800c9a4   0x00000168   Code   RO         5566    i.xPortStartScheduler  port.o
    0x0800cb0c   0x00000064   Code   RO         4843    i.xTaskCreate       tasks.o
    0x0800cb70   0x000000b8   Code   RO         4844    i.xTaskCreateStatic  tasks.o
    0x0800cc28   0x0000000c   Code   RO         4849    i.xTaskGetTickCount  tasks.o
    0x0800cc34   0x00000148   Code   RO         4851    i.xTaskIncrementTick  tasks.o
    0x0800cd7c   0x00000104   Code   RO         4857    i.xTaskResumeAll    tasks.o
    0x0800ce80   0x0000008c   Data   RO          342    .constdata          freertos.o
    0x0800cf0c   0x00000008   Data   RO         1566    .constdata          stm32f4xx_hal_dma.o
    0x0800cf14   0x00000018   Data   RO         4308    .constdata          system_stm32f4xx.o
    0x0800cf2c   0x00000012   Data   RO         6423    .constdata          bmi088driver.o
    0x0800cf3e   0x0000000c   Data   RO         6617    .constdata          ist8310driver.o
    0x0800cf4a   0x00000002   PAD
    0x0800cf4c   0x00000050   Data   RO          343    .conststring        freertos.o
    0x0800cf9c   0x00000020   Data   RO         7547    Region$$Table       anon$$obj.o


    Execution Region RW_IRAM1 (Base: 0x20000000, Size: 0x00005100, Max: 0x00020000, ABSOLUTE, COMPRESSED[0x00000050])

    Base Addr    Size         Type   Attr      Idx    E Section Name        Object

    0x20000000   0x00000004   Data   RW          270    .data               can.o
    0x20000004   0x00000024   Data   RW          344    .data               freertos.o
    0x20000028   0x00000009   Data   RW         1998    .data               stm32f4xx_hal.o
    0x20000031   0x00000003   PAD
    0x20000034   0x00000004   Data   RW         4309    .data               system_stm32f4xx.o
    0x20000038   0x0000003c   Data   RW         4860    .data               tasks.o
    0x20000074   0x00000018   Data   RW         5504    .data               heap_4.o
    0x2000008c   0x0000000c   Data   RW         5567    .data               port.o
    0x20000098   0x00000008   Data   RW         5807    .data               bsp_delay.o
    0x200000a0   0x00000014   Data   RW         6085    .data               mahonyahrs.o
    0x200000b4   0x00000002   Data   RW         6277    .data               motor_use_can.o
    0x200000b6   0x00000002   PAD
    0x200000b8   0x00000030   Data   RW         6424    .data               bmi088driver.o
    0x200000e8   0x00000004   Data   RW         6741    .data               vision.o
    0x200000ec   0x00000004   Data   RW         6862    .data               remote_control.o
    0x200000f0   0x0000003c   Data   RW         6969    .data               gimbal_control_task.o
    0x2000012c   0x0000001d   Data   RW         7059    .data               shoot_task.o
    0x20000149   0x00000004   Data   RW         7177    .data               remote_control_task.o
    0x2000014d   0x00000003   PAD
    0x20000150   0x00000030   Data   RW         7249    .data               ins_task.o
    0x20000180   0x00000004   Data   RW         7522    .data               mc_w.l(errno.o)
    0x20000184   0x00000050   Zero   RW          269    .bss                can.o
    0x200001d4   0x00000254   Zero   RW          341    .bss                freertos.o
    0x20000428   0x00000054   Zero   RW          391    .bss                i2c.o
    0x2000047c   0x00000118   Zero   RW          433    .bss                spi.o
    0x20000594   0x00000080   Zero   RW          477    .bss                tim.o
    0x20000614   0x000001e0   Zero   RW          531    .bss                usart.o
    0x200007f4   0x00000040   Zero   RW          777    .bss                stm32f4xx_hal_timebase_tim.o
    0x20000834   0x000000f0   Zero   RW         4859    .bss                tasks.o
    0x20000924   0x00003c00   Zero   RW         5503    .bss                heap_4.o
    0x20004524   0x00000050   Zero   RW         6127    .bss                offline_check.o
    0x20004574   0x00000444   Zero   RW         6195    .bss                pid.o
    0x200049b8   0x00000090   Zero   RW         6233    .bss                kalman.o
    0x20004a48   0x00000180   Zero   RW         6276    .bss                motor_use_can.o
    0x20004bc8   0x0000001e   Zero   RW         6740    .bss                vision.o
    0x20004be6   0x00000038   Zero   RW         6861    .bss                remote_control.o
    0x20004c1e   0x00000002   PAD
    0x20004c20   0x00000010   Zero   RW         7058    .bss                shoot_task.o
    0x20004c30   0x00000034   Zero   RW         7176    .bss                remote_control_task.o
    0x20004c64   0x00000098   Zero   RW         7248    .bss                ins_task.o
    0x20004cfc   0x00000004   PAD
    0x20004d00   0x00000400   Zero   RW            1    STACK               startup_stm32f407xx.o


==============================================================================

Image component sizes


      Code (inc. data)   RO Data    RW Data    ZI Data      Debug   Object Name

      2370         50         18         48          0      12671   bmi088driver.o
       140         28          0          0          0       4892   bmi088middleware.o
        48          8          0          0          0       1319   bsp.o
        92          8          0          0          0        967   bsp_can.o
       128         20          0          8          0       1356   bsp_delay.o
        36         10          0          0          0       1022   bsp_imu_pwm.o
     10428        170          0          0          0       5686   bsp_spi.o
       160          0          0          0          0       1730   bsp_usart.o
       488         44          0          4         80       2442   can.o
       170          0          0          0          0      22950   cmsis_os.o
       152          6          0          0          0        842   dma.o
         0          0          0          0          0      18188   event_groups.o
       186         36        220         36        596       3175   freertos.o
       384         92          0         60          0       2074   gimbal_control_task.o
       740         48          0          0          0       1415   gpio.o
       692         62          0         24      15360       7395   heap_4.o
       260         30          0          0         84       1729   i2c.o
      3992        296          0         48        152       9852   ins_task.o
       288         10         12          0          0       2718   ist8310driver.o
       172         28          0          0          0       5255   ist8310driver_middleware.o
       198          6          0          0        144       2206   kalman.o
       148          0          0          0          0       3630   list.o
      2228         68          0         20          0       4111   mahonyahrs.o
       258          8          0          0          0     743344   main.o
      1294         42          0          2        384      18625   motor_use_can.o
       440         68          0          0         80       6895   offline_check.o
       712         22          0          0          0       1069   offline_check_task.o
       692         14          0          0       1092       3506   pid.o
        24          6          0          0          0        556   pid_wireless_debug.o
      1014         92          0         12          0      12205   port.o
       812         50          0          4         56       6536   remote_control.o
      1428        112          0          4         52       5474   remote_control_task.o
         0          0          0         29         16       2026   shoot_task.o
       416         38          0          0        280       1939   spi.o
        36          8        392          0       1024        840   startup_stm32f407xx.o
        96         20          0          9          0       8158   stm32f4xx_hal.o
      2134          6          0          0          0      14495   stm32f4xx_hal_can.o
       252         22          0          0          0      33718   stm32f4xx_hal_cortex.o
      1220         16          8          0          0       6139   stm32f4xx_hal_dma.o
       586         50          0          0          0       4283   stm32f4xx_hal_gpio.o
      2844         46          0          0          0      11426   stm32f4xx_hal_i2c.o
        84          6          0          0          0        862   stm32f4xx_hal_msp.o
      1868         94          0          0          0       6341   stm32f4xx_hal_rcc.o
       970          8          0          0          0       4441   stm32f4xx_hal_spi.o
      2028         90          0          0          0      16805   stm32f4xx_hal_tim.o
       184         30          0          0          0       2525   stm32f4xx_hal_tim_ex.o
       136         12          0          0         64       1479   stm32f4xx_hal_timebase_tim.o
      1814         12          0          0          0       7979   stm32f4xx_hal_uart.o
       250         66          0          0          0      12829   stm32f4xx_it.o
         0          0          0          0          0        392   stream_buffer.o
        28          4         24          4          0       1175   system_stm32f4xx.o
      2726        320          0         60        240      21387   tasks.o
       432         40          0          0        128       3023   tim.o
       868         84          0          0        480       3413   usart.o
       130          4          0          0          0       2328   user_lib.o
       270         36          0          4         30       3328   vision.o

    ----------------------------------------------------------------------
     49600       2446        708        384      20348    1087166   Object Totals
         0          0         32          0          0          0   (incl. Generated)
        54          0          2          8          6          0   (incl. Padding)

    ----------------------------------------------------------------------

      Code (inc. data)   RO Data    RW Data    ZI Data      Debug   Library Member Name

       300         42          0          0          0        176   asinf.o
       592         90          0          0          0        184   atan2f.o
        20          0          0          0          0        124   fabs.o
        38          0          0          0          0        116   fpclassifyf.o
        44         12          0          0          0        464   funder.o
       122          0          0          0          0        148   sqrt.o
        62          0          0          0          0        136   sqrtf.o
        86          0          0          0          0          0   __dczerorl2.o
         0          0          0          0          0          0   entry.o
         0          0          0          0          0          0   entry10a.o
         0          0          0          0          0          0   entry11a.o
         8          4          0          0          0          0   entry2.o
         4          0          0          0          0          0   entry5.o
         0          0          0          0          0          0   entry7b.o
         0          0          0          0          0          0   entry8b.o
         8          4          0          0          0          0   entry9a.o
        12          6          0          4          0         68   errno.o
        30          0          0          0          0          0   handlers.o
        36          8          0          0          0         68   init.o
         0          0          0          0          0          0   iusefp.o
        30          0          0          0          0         68   llshl.o
        36          0          0          0          0         68   llsshr.o
        32          0          0          0          0         68   llushr.o
        36          0          0          0          0         68   memcpya.o
        36          0          0          0          0        108   memseta.o
        98          0          0          0          0         92   uldiv.o
        48          0          0          0          0         68   cdcmple.o
        48          0          0          0          0         68   cdrcmple.o
        56          0          0          0          0         88   d2f.o
       334          0          0          0          0        148   dadd.o
       222          0          0          0          0        100   ddiv.o
       186          0          0          0          0        176   depilogue.o
        26          0          0          0          0         76   dfltui.o
       162          0          0          0          0        100   dsqrt.o
        38          0          0          0          0         68   f2d.o
       110          0          0          0          0        168   fepilogue.o

    ----------------------------------------------------------------------
      2872        166          0          4          0       3016   Library Totals
        12          0          0          0          0          0   (incl. Padding)

    ----------------------------------------------------------------------

      Code (inc. data)   RO Data    RW Data    ZI Data      Debug   Library Name

      1178        144          0          0          0       1348   m_wm.l
       452         22          0          4          0        608   mc_w.l
      1230          0          0          0          0       1060   mf_w.l

    ----------------------------------------------------------------------
      2872        166          0          4          0       3016   Library Totals

    ----------------------------------------------------------------------

==============================================================================


      Code (inc. data)   RO Data    RW Data    ZI Data      Debug   

     52472       2612        708        388      20348    1061686   Grand Totals
     52472       2612        708         80      20348    1061686   ELF Image Totals (compressed)
     52472       2612        708         80          0          0   ROM Totals

==============================================================================

    Total RO  Size (Code + RO Data)                53180 (  51.93kB)
    Total RW  Size (RW Data + ZI Data)             20736 (  20.25kB)
    Total ROM Size (Code + RO Data + RW Data)      53260 (  52.01kB)

==============================================================================

